clk 1 std_logic bool
rst 1 std_logic sc_logic
acc_done 1 std_logic sc_logic
dma_read_chnl_val 1 std_logic sc_logic
dma_read_chnl_rdy 1 std_logic sc_logic
dma_read_chnl_msg 64 std_logic_vector sc_lv
dma_write_chnl_val 1 std_logic sc_logic
dma_write_chnl_rdy 1 std_logic sc_logic
dma_write_chnl_msg 64 std_logic_vector sc_lv
dma_read_ctrl_val 1 std_logic sc_logic
dma_read_ctrl_rdy 1 std_logic sc_logic
dma_read_ctrl_msg 73 std_logic_vector sc_lv
dma_write_ctrl_val 1 std_logic sc_logic
dma_write_ctrl_rdy 1 std_logic sc_logic
dma_write_ctrl_msg 73 std_logic_vector sc_lv
conf_info_ctrl_dma2acc_val 1 std_logic sc_logic
conf_info_ctrl_dma2acc_rdy 1 std_logic sc_logic
conf_info_ctrl_dma2acc_msg 160 std_logic_vector sc_lv
conf_info_ctrl_plm2vec_val 1 std_logic sc_logic
conf_info_ctrl_plm2vec_rdy 1 std_logic sc_logic
conf_info_ctrl_plm2vec_msg 160 std_logic_vector sc_lv
conf_info_ctrl_acc2dma_val 1 std_logic sc_logic
conf_info_ctrl_acc2dma_rdy 1 std_logic sc_logic
conf_info_ctrl_acc2dma_msg 160 std_logic_vector sc_lv
vec_in_a_val 1 std_logic sc_logic
vec_in_a_rdy 1 std_logic sc_logic
vec_in_a_msg 512 std_logic_vector sc_lv
vec_in_b_val 1 std_logic sc_logic
vec_in_b_rdy 1 std_logic sc_logic
vec_in_b_msg 512 std_logic_vector sc_lv
vec_out_val 1 std_logic sc_logic
vec_out_rdy 1 std_logic sc_logic
vec_out_msg 512 std_logic_vector sc_lv
