-- Catapult Ultra Synthesis: Report                                              
-- ------------------------- ---------------------------------------------------
-- Version:                  2024.2/1130128 Production Release                   
-- Build Date:               Mon Aug 26 21:59:12 PDT 2024                        
                                                                                 
-- Generated by:             gtombesi@corsica                                    
-- Generated date:           Wed Apr 30 13:18:29 EDT 2025                        

Solution Settings: DataPath.v1
  Current state: schedule
  Project: Catapult

Design Input Files Specified
  $PROJECT_HOME/../../tb/testbench.cpp
  $PROJECT_HOME/../../tb/testbench.hpp
  $PROJECT_HOME/../../tb/sc_main.cpp
  $PROJECT_HOME/../../tb/system.hpp
  $PROJECT_HOME/../../inc/macfin2_data_types.h
    $MGC_HOME/shared/include/ac_int.h
    $MGC_HOME/shared/include/ac_fixed.h
    $PROJECT_HOME/../../inc/macfin2_specs.h
      $MGC_HOME/shared/include/mc_connections.h
        $MGC_HOME/shared/include/systemc.h
          $MGC_HOME/shared/include/systemc
            $MGC_HOME/shared/include/sysc/kernel/sc_cmnhdr.h
            $MGC_HOME/shared/include/sysc/kernel/sc_externs.h
            $MGC_HOME/shared/include/sysc/kernel/sc_except.h
              $MGC_HOME/shared/include/sysc/kernel/sc_cmnhdr.h
            $MGC_HOME/shared/include/sysc/kernel/sc_module.h
              $MGC_HOME/shared/include/sysc/kernel/sc_kernel_ids.h
                $MGC_HOME/shared/include/sysc/utils/sc_report.h
                  $MGC_HOME/shared/include/sysc/kernel/sc_cmnhdr.h
                  $MGC_HOME/shared/include/sysc/utils/sc_report_handler.h
              $MGC_HOME/shared/include/sysc/kernel/sc_process.h
                $MGC_HOME/shared/include/sysc/kernel/sc_constants.h
                $MGC_HOME/shared/include/sysc/kernel/sc_object.h
                  $MGC_HOME/shared/include/sysc/kernel/sc_attribute.h
                    $MGC_HOME/shared/include/sysc/kernel/sc_cmnhdr.h
                $MGC_HOME/shared/include/sysc/communication/sc_export.h
                  $MGC_HOME/shared/include/sysc/communication/sc_communication_ids.h
                  $MGC_HOME/shared/include/sysc/communication/sc_interface.h
                    $MGC_HOME/shared/include/sysc/kernel/sc_cmnhdr.h
                  $MGC_HOME/shared/include/sysc/utils/sc_typeindex.h
                    $MGC_HOME/shared/include/sysc/kernel/sc_cmnhdr.h
              $MGC_HOME/shared/include/sysc/kernel/sc_module_name.h
              $MGC_HOME/shared/include/sysc/kernel/sc_sensitive.h
              $MGC_HOME/shared/include/sysc/kernel/sc_time.h
                $MGC_HOME/shared/include/sysc/datatypes/int/sc_nbdefs.h
                  $MGC_HOME/shared/include/sysc/kernel/sc_cmnhdr.h
                $MGC_HOME/shared/include/sysc/datatypes/fx/scfx_ieee.h
                  $MGC_HOME/shared/include/sysc/datatypes/fx/sc_fxdefs.h
                    $MGC_HOME/shared/include/sysc/kernel/sc_cmnhdr.h
                    $MGC_HOME/shared/include/sysc/utils/sc_machine.h
                      $MGC_HOME/shared/include/sysc/packages/boost/detail/endian.hpp
                    $MGC_HOME/shared/include/sysc/datatypes/fx/sc_fx_ids.h
                    $MGC_HOME/shared/include/sysc/datatypes/int/sc_nbutils.h
                      $MGC_HOME/shared/include/sysc/datatypes/bit/sc_bit_ids.h
                      $MGC_HOME/shared/include/sysc/datatypes/int/sc_int_ids.h
              $MGC_HOME/shared/include/sysc/kernel/sc_wait.h
                $MGC_HOME/shared/include/sysc/kernel/sc_simcontext.h
                  $MGC_HOME/shared/include/sysc/kernel/sc_cmnhdr.h
                  $MGC_HOME/shared/include/sysc/kernel/sc_status.h
                    $MGC_HOME/shared/include/sysc/kernel/sc_cmnhdr.h
                  $MGC_HOME/shared/include/sysc/utils/sc_hash.h
                    $MGC_HOME/shared/include/sysc/kernel/sc_simcontext.h
                  $MGC_HOME/shared/include/sysc/utils/sc_pq.h
                    $MGC_HOME/shared/include/sysc/kernel/sc_cmnhdr.h
              $MGC_HOME/shared/include/sysc/kernel/sc_wait_cthread.h
                $MGC_HOME/shared/include/sysc/datatypes/bit/sc_logic.h
                  $MGC_HOME/shared/include/sysc/kernel/sc_cmnhdr.h
                  $MGC_HOME/shared/include/sysc/kernel/sc_macros.h
                    $MGC_HOME/shared/include/sysc/kernel/sc_cmnhdr.h
                  $MGC_HOME/shared/include/sysc/utils/sc_mempool.h
                  $MGC_HOME/shared/include/sysc/datatypes/bit/sc_bit.h
              $MGC_HOME/shared/include/sysc/kernel/sc_process_handle.h
                $MGC_HOME/shared/include/sysc/kernel/sc_module.h
              $MGC_HOME/shared/include/sysc/utils/sc_list.h
                $MGC_HOME/shared/include/sysc/kernel/sc_cmnhdr.h
            $MGC_HOME/shared/include/sysc/kernel/sc_ver.h
              $MGC_HOME/shared/include/sysc/kernel/sc_cmnhdr.h
              $MGC_HOME/shared/include/sysc/communication/sc_writer_policy.h
            $MGC_HOME/shared/include/sysc/communication/sc_buffer.h
              $MGC_HOME/shared/include/sysc/communication/sc_signal.h
                $MGC_HOME/shared/include/sysc/communication/sc_port.h
                  $MGC_HOME/shared/include/sysc/kernel/sc_event.h
                    $MGC_HOME/shared/include/sysc/kernel/sc_cmnhdr.h
                $MGC_HOME/shared/include/sysc/communication/sc_prim_channel.h
                $MGC_HOME/shared/include/sysc/communication/sc_signal_ifs.h
                $MGC_HOME/shared/include/sysc/tracing/sc_trace.h
            $MGC_HOME/shared/include/sysc/communication/sc_clock.h
            $MGC_HOME/shared/include/sysc/communication/sc_clock_ports.h
              $MGC_HOME/shared/include/sysc/communication/sc_signal_ports.h
                $MGC_HOME/shared/include/sysc/communication/sc_event_finder.h
            $MGC_HOME/shared/include/sysc/communication/sc_event_queue.h
            $MGC_HOME/shared/include/sysc/communication/sc_fifo.h
              $MGC_HOME/shared/include/sysc/communication/sc_fifo_ifs.h
            $MGC_HOME/shared/include/sysc/communication/sc_fifo_ports.h
            $MGC_HOME/shared/include/sysc/communication/sc_mutex.h
              $MGC_HOME/shared/include/sysc/communication/sc_mutex_if.h
            $MGC_HOME/shared/include/sysc/communication/sc_semaphore.h
              $MGC_HOME/shared/include/sysc/communication/sc_semaphore_if.h
            $MGC_HOME/shared/include/sysc/communication/sc_signal_resolved.h
            $MGC_HOME/shared/include/sysc/communication/sc_signal_resolved_ports.h
            $MGC_HOME/shared/include/sysc/communication/sc_signal_rv.h
              $MGC_HOME/shared/include/sysc/datatypes/bit/sc_lv.h
                $MGC_HOME/shared/include/sysc/datatypes/bit/sc_lv_base.h
                  $MGC_HOME/shared/include/sysc/datatypes/bit/sc_bv_base.h
                    $MGC_HOME/shared/include/sysc/datatypes/bit/sc_bit_proxies.h
                      $MGC_HOME/shared/include/sysc/datatypes/bit/sc_proxy.h
                        $MGC_HOME/shared/include/sysc/kernel/sc_cmnhdr.h
                        $MGC_HOME/shared/include/sysc/datatypes/int/sc_signed.h
                          $MGC_HOME/shared/include/sysc/datatypes/misc/sc_value_base.h
                          $MGC_HOME/shared/include/sysc/utils/sc_temporary.h
                            $MGC_HOME/shared/include/sysc/kernel/sc_cmnhdr.h
                          $MGC_HOME/shared/include/sysc/datatypes/int/sc_length_param.h
                            $MGC_HOME/shared/include/sysc/datatypes/fx/sc_context.h
                              $MGC_HOME/shared/include/sysc/kernel/sc_cmnhdr.h
                          $MGC_HOME/shared/include/sysc/datatypes/int/sc_nbexterns.h
                          $MGC_HOME/shared/include/sysc/datatypes/int/sc_unsigned.h
                        $MGC_HOME/shared/include/sysc/datatypes/int/sc_int_base.h
                          $MGC_HOME/shared/include/sysc/kernel/sc_cmnhdr.h
                          $MGC_HOME/shared/include/sysc/datatypes/int/sc_uint_base.h
            $MGC_HOME/shared/include/sysc/communication/sc_signal_rv_ports.h
            $MGC_HOME/shared/include/sysc/datatypes/bit/sc_bv.h
            $MGC_HOME/shared/include/sysc/datatypes/int/sc_bigint.h
            $MGC_HOME/shared/include/sysc/datatypes/int/sc_biguint.h
            $MGC_HOME/shared/include/sysc/datatypes/int/sc_int.h
            $MGC_HOME/shared/include/sysc/datatypes/int/sc_uint.h
            $MGC_HOME/shared/include/sysc/datatypes/misc/sc_concatref.h
            $MGC_HOME/shared/include/sysc/utils/sc_utils_ids.h
            $MGC_HOME/shared/include/sysc/utils/sc_pvector.h
            $MGC_HOME/shared/include/sysc/utils/sc_string_view.h
              $MGC_HOME/shared/include/sysc/kernel/sc_cmnhdr.h
              $MGC_HOME/shared/include/sysc/packages/boost/utility/string_view.hpp
                $MGC_HOME/shared/include/sysc/packages/boost/config.hpp
                  $MGC_HOME/shared/include/sysc/packages/boost/config/user.hpp
                  $MGC_HOME/shared/include/sysc/packages/boost/config/select_compiler_config.hpp
                  $MGC_HOME/shared/include/sysc/packages/boost/config/compiler/gcc.hpp
                  $MGC_HOME/shared/include/sysc/packages/boost/config/select_stdlib_config.hpp
                  $MGC_HOME/shared/include/sysc/packages/boost/config/stdlib/libstdcpp3.hpp
                  $MGC_HOME/shared/include/sysc/packages/boost/config/select_platform_config.hpp
                  $MGC_HOME/shared/include/sysc/packages/boost/config/platform/linux.hpp
                    $MGC_HOME/shared/include/sysc/packages/boost/config/posix_features.hpp
                  $MGC_HOME/shared/include/sysc/packages/boost/config/suffix.hpp
                $MGC_HOME/shared/include/sysc/packages/boost/utility/string_view_fwd.hpp
            $MGC_HOME/shared/include/sysc/utils/sc_vector.h
        $MGC_HOME/shared/include/ac_sysc_macros.h
        $MGC_HOME/shared/include/ac_sysc_trace.h
        $MGC_HOME/shared/include/connections/connections.h
          $MGC_HOME/shared/include/connections/marshaller.h
            $MGC_HOME/shared/include/ccs_types.h
              $MGC_HOME/shared/include/tlm.h
                $MGC_HOME/shared/include/tlm
                  $MGC_HOME/shared/include/systemc
                  $MGC_HOME/shared/include/tlm_core/tlm_2/tlm_version.h
                  $MGC_HOME/shared/include/tlm_core/tlm_1/tlm_analysis/tlm_analysis.h
                    $MGC_HOME/shared/include/tlm_core/tlm_1/tlm_analysis/tlm_write_if.h
                      $MGC_HOME/shared/include/systemc
                    $MGC_HOME/shared/include/tlm_core/tlm_1/tlm_analysis/tlm_analysis_if.h
                    $MGC_HOME/shared/include/tlm_core/tlm_1/tlm_analysis/tlm_analysis_triple.h
                    $MGC_HOME/shared/include/tlm_core/tlm_1/tlm_analysis/tlm_analysis_port.h
                    $MGC_HOME/shared/include/tlm_core/tlm_1/tlm_analysis/tlm_analysis_fifo.h
                      $MGC_HOME/shared/include/tlm_core/tlm_1/tlm_req_rsp/tlm_channels/tlm_fifo/tlm_fifo.h
                        $MGC_HOME/shared/include/tlm_core/tlm_1/tlm_req_rsp/tlm_1_interfaces/tlm_fifo_ifs.h
                          $MGC_HOME/shared/include/tlm_core/tlm_1/tlm_req_rsp/tlm_1_interfaces/tlm_core_ifs.h
                            $MGC_HOME/shared/include/tlm_core/tlm_1/tlm_req_rsp/tlm_1_interfaces/tlm_tag.h
                        $MGC_HOME/shared/include/tlm_core/tlm_1/tlm_req_rsp/tlm_channels/tlm_fifo/circular_buffer.h
                        $MGC_HOME/shared/include/tlm_core/tlm_1/tlm_req_rsp/tlm_channels/tlm_fifo/tlm_fifo_put_get.h
                        $MGC_HOME/shared/include/tlm_core/tlm_1/tlm_req_rsp/tlm_channels/tlm_fifo/tlm_fifo_peek.h
                        $MGC_HOME/shared/include/tlm_core/tlm_1/tlm_req_rsp/tlm_channels/tlm_fifo/tlm_fifo_resize.h
                  $MGC_HOME/shared/include/tlm_core/tlm_1/tlm_req_rsp/tlm_req_rsp.h
                    $MGC_HOME/shared/include/tlm_core/tlm_1/tlm_req_rsp/tlm_1_interfaces/tlm_master_slave_ifs.h
                    $MGC_HOME/shared/include/tlm_core/tlm_1/tlm_req_rsp/tlm_channels/tlm_req_rsp_channels/tlm_req_rsp_channels.h
                      $MGC_HOME/shared/include/tlm_core/tlm_1/tlm_req_rsp/tlm_adapters/tlm_adapters.h
                      $MGC_HOME/shared/include/tlm_core/tlm_1/tlm_req_rsp/tlm_channels/tlm_req_rsp_channels/tlm_put_get_imp.h
                    $MGC_HOME/shared/include/tlm_core/tlm_1/tlm_req_rsp/tlm_ports/tlm_nonblocking_port.h
                      $MGC_HOME/shared/include/tlm_core/tlm_1/tlm_req_rsp/tlm_ports/tlm_event_finder.h
                  $MGC_HOME/shared/include/tlm_core/tlm_2/tlm_2_interfaces/tlm_2_interfaces.h
                    $MGC_HOME/shared/include/tlm_core/tlm_2/tlm_2_interfaces/tlm_dmi.h
                      $MGC_HOME/shared/include/systemc
                    $MGC_HOME/shared/include/tlm_core/tlm_2/tlm_2_interfaces/tlm_fw_bw_ifs.h
                      $MGC_HOME/shared/include/systemc
                      $MGC_HOME/shared/include/tlm_core/tlm_2/tlm_generic_payload/tlm_generic_payload.h
                        $MGC_HOME/shared/include/tlm_core/tlm_2/tlm_generic_payload/tlm_helpers.h
                        $MGC_HOME/shared/include/tlm_core/tlm_2/tlm_generic_payload/tlm_phase.h
                          $MGC_HOME/shared/include/sysc/kernel/sc_cmnhdr.h
                        $MGC_HOME/shared/include/tlm_core/tlm_2/tlm_generic_payload/tlm_gp.h
                          $MGC_HOME/shared/include/sysc/kernel/sc_cmnhdr.h
                          $MGC_HOME/shared/include/tlm_core/tlm_2/tlm_generic_payload/tlm_array.h
                        $MGC_HOME/shared/include/tlm_core/tlm_2/tlm_generic_payload/tlm_endian_conv.h
                  $MGC_HOME/shared/include/tlm_core/tlm_2/tlm_sockets/tlm_sockets.h
                    $MGC_HOME/shared/include/tlm_core/tlm_2/tlm_sockets/tlm_initiator_socket.h
                      $MGC_HOME/shared/include/tlm_core/tlm_2/tlm_sockets/tlm_base_socket_if.h
                    $MGC_HOME/shared/include/tlm_core/tlm_2/tlm_sockets/tlm_target_socket.h
                  $MGC_HOME/shared/include/tlm_core/tlm_2/tlm_quantum/tlm_quantum.h
                    $MGC_HOME/shared/include/tlm_core/tlm_2/tlm_quantum/tlm_global_quantum.h
              $MGC_HOME/shared/include/ac_sc.h
                $MGC_HOME/shared/include/ac_complex.h
                  $MGC_HOME/shared/include/ac_float.h
              $MGC_HOME/shared/include/mc_typeconv.h
            $MGC_HOME/shared/include/connections/connections_utils.h
              $MGC_HOME/shared/include/ac_assert.h
          $MGC_HOME/shared/include/connections/connections_trace.h
            $MGC_HOME/shared/include/systemc
          $MGC_HOME/shared/include/connections/message.h
        $MGC_HOME/shared/include/connections/connections_sync.h
        $MGC_HOME/shared/include/connections/connections_fifo.h
        $MGC_HOME/shared/include/connections/port_scanner.h
          $MGC_HOME/shared/include/systemc
      $PROJECT_HOME/../../../../common/matchlib_toolkit/examples/matchlib/cmod/include/nvhls_connections.h
        $PROJECT_HOME/../../../../common/matchlib_toolkit/examples/matchlib/cmod/include/nvhls_packet.h
          $PROJECT_HOME/../../../../common/matchlib_toolkit/examples/matchlib/cmod/include/nvhls_types.h
            $PROJECT_HOME/../../../../common/matchlib_toolkit/examples/matchlib/cmod/include/nvhls_int.h
              $PROJECT_HOME/../../../../common/matchlib_toolkit/examples/matchlib/cmod/include/nvhls_marshaller.h
                $MGC_HOME/shared/include/connections/marshaller.h
                  $MGC_HOME/shared/include/mc_typeconv.h
                $PROJECT_HOME/../../../../common/matchlib_toolkit/examples/matchlib/cmod/include/nvhls_assert.h
                  $PROJECT_HOME/../../../../common/matchlib_toolkit/examples/matchlib/cmod/include/hls_globals.h
                  $MGC_HOME/shared/include/ac_assert.h
          $PROJECT_HOME/../../../../common/matchlib_toolkit/examples/matchlib/cmod/include/nvhls_message.h
            $PROJECT_HOME/../../../../common/matchlib_toolkit/examples/matchlib/cmod/include/nvhls_connections_utils.h
        $PROJECT_HOME/../../../../common/matchlib_toolkit/examples/matchlib/cmod/include/nvhls_module.h
          $PROJECT_HOME/../../../../common/matchlib_toolkit/examples/matchlib/cmod/include/nvhls_trace.h
        $PROJECT_HOME/../../../../common/matchlib_toolkit/examples/matchlib/cmod/include/fifo.h
          $PROJECT_HOME/../../../../common/matchlib_toolkit/examples/matchlib/cmod/include/mem_array.h
            $PROJECT_HOME/../../../../common/matchlib_toolkit/examples/matchlib/cmod/include/nvhls_array.h
              $MGC_HOME/shared/include/ac_assert.h
            $PROJECT_HOME/../../../../common/matchlib_toolkit/examples/matchlib/cmod/include/TypeToBits.h
        $PROJECT_HOME/../../../../common/matchlib_toolkit/examples/matchlib/cmod/include/nvhls_connections_buffered_ports.h
          $PROJECT_HOME/../../../../common/matchlib_toolkit/include/ccs_p2p.h
        $PROJECT_HOME/../../../../common/matchlib_toolkit/examples/matchlib/cmod/include/nvhls_connections_network.h
          $PROJECT_HOME/../../../../common/matchlib_toolkit/examples/matchlib/cmod/include/nvhls_connections.h
      $PROJECT_HOME/../../../../common/matchlib_toolkit/examples/matchlib/cmod/include/nvhls_vector.h
        $PROJECT_HOME/../../../../common/matchlib_toolkit/examples/matchlib/cmod/include/hls_globals.h
        $PROJECT_HOME/../../../../common/matchlib_toolkit/include/ccs_p2p.h
      $PROJECT_HOME/../../../../common/inc/esp_dma_info_sysc.hpp
      $PROJECT_HOME/../../../../common/matchlib_toolkit/examples/matchlib/cmod/include/ArbitratedScratchpadDP.h
        $PROJECT_HOME/../../../../common/matchlib_toolkit/examples/matchlib/cmod/include/arbitrated_crossbar.h
          $PROJECT_HOME/../../../../common/matchlib_toolkit/examples/matchlib/cmod/include/Arbiter.h
          $PROJECT_HOME/../../../../common/matchlib_toolkit/examples/matchlib/cmod/include/one_hot_to_bin.h
          $PROJECT_HOME/../../../../common/matchlib_toolkit/examples/matchlib/cmod/include/hls_globals.h
        $PROJECT_HOME/../../../../common/matchlib_toolkit/examples/matchlib/cmod/include/crossbar.h
  $PROJECT_HOME/../../../../common/inc/esp_dma_info_sysc.hpp
    $MGC_HOME/shared/include/mc_connections.h
      $MGC_HOME/shared/include/systemc.h
        $MGC_HOME/shared/include/systemc
          $MGC_HOME/shared/include/sysc/kernel/sc_cmnhdr.h
          $MGC_HOME/shared/include/sysc/kernel/sc_externs.h
          $MGC_HOME/shared/include/sysc/kernel/sc_except.h
            $MGC_HOME/shared/include/sysc/kernel/sc_cmnhdr.h
          $MGC_HOME/shared/include/sysc/kernel/sc_module.h
            $MGC_HOME/shared/include/sysc/kernel/sc_kernel_ids.h
              $MGC_HOME/shared/include/sysc/utils/sc_report.h
                $MGC_HOME/shared/include/sysc/kernel/sc_cmnhdr.h
                $MGC_HOME/shared/include/sysc/utils/sc_report_handler.h
            $MGC_HOME/shared/include/sysc/kernel/sc_process.h
              $MGC_HOME/shared/include/sysc/kernel/sc_constants.h
              $MGC_HOME/shared/include/sysc/kernel/sc_object.h
                $MGC_HOME/shared/include/sysc/kernel/sc_attribute.h
                  $MGC_HOME/shared/include/sysc/kernel/sc_cmnhdr.h
              $MGC_HOME/shared/include/sysc/communication/sc_export.h
                $MGC_HOME/shared/include/sysc/communication/sc_communication_ids.h
                $MGC_HOME/shared/include/sysc/communication/sc_interface.h
                  $MGC_HOME/shared/include/sysc/kernel/sc_cmnhdr.h
                $MGC_HOME/shared/include/sysc/utils/sc_typeindex.h
                  $MGC_HOME/shared/include/sysc/kernel/sc_cmnhdr.h
            $MGC_HOME/shared/include/sysc/kernel/sc_module_name.h
            $MGC_HOME/shared/include/sysc/kernel/sc_sensitive.h
            $MGC_HOME/shared/include/sysc/kernel/sc_time.h
              $MGC_HOME/shared/include/sysc/datatypes/int/sc_nbdefs.h
                $MGC_HOME/shared/include/sysc/kernel/sc_cmnhdr.h
              $MGC_HOME/shared/include/sysc/datatypes/fx/scfx_ieee.h
                $MGC_HOME/shared/include/sysc/datatypes/fx/sc_fxdefs.h
                  $MGC_HOME/shared/include/sysc/kernel/sc_cmnhdr.h
                  $MGC_HOME/shared/include/sysc/utils/sc_machine.h
                    $MGC_HOME/shared/include/sysc/packages/boost/detail/endian.hpp
                  $MGC_HOME/shared/include/sysc/datatypes/fx/sc_fx_ids.h
                  $MGC_HOME/shared/include/sysc/datatypes/int/sc_nbutils.h
                    $MGC_HOME/shared/include/sysc/datatypes/bit/sc_bit_ids.h
                    $MGC_HOME/shared/include/sysc/datatypes/int/sc_int_ids.h
            $MGC_HOME/shared/include/sysc/kernel/sc_wait.h
              $MGC_HOME/shared/include/sysc/kernel/sc_simcontext.h
                $MGC_HOME/shared/include/sysc/kernel/sc_cmnhdr.h
                $MGC_HOME/shared/include/sysc/kernel/sc_status.h
                  $MGC_HOME/shared/include/sysc/kernel/sc_cmnhdr.h
                $MGC_HOME/shared/include/sysc/utils/sc_hash.h
                  $MGC_HOME/shared/include/sysc/kernel/sc_simcontext.h
                $MGC_HOME/shared/include/sysc/utils/sc_pq.h
                  $MGC_HOME/shared/include/sysc/kernel/sc_cmnhdr.h
            $MGC_HOME/shared/include/sysc/kernel/sc_wait_cthread.h
              $MGC_HOME/shared/include/sysc/datatypes/bit/sc_logic.h
                $MGC_HOME/shared/include/sysc/kernel/sc_cmnhdr.h
                $MGC_HOME/shared/include/sysc/kernel/sc_macros.h
                  $MGC_HOME/shared/include/sysc/kernel/sc_cmnhdr.h
                $MGC_HOME/shared/include/sysc/utils/sc_mempool.h
                $MGC_HOME/shared/include/sysc/datatypes/bit/sc_bit.h
            $MGC_HOME/shared/include/sysc/kernel/sc_process_handle.h
              $MGC_HOME/shared/include/sysc/kernel/sc_module.h
            $MGC_HOME/shared/include/sysc/utils/sc_list.h
              $MGC_HOME/shared/include/sysc/kernel/sc_cmnhdr.h
          $MGC_HOME/shared/include/sysc/kernel/sc_ver.h
            $MGC_HOME/shared/include/sysc/kernel/sc_cmnhdr.h
            $MGC_HOME/shared/include/sysc/communication/sc_writer_policy.h
          $MGC_HOME/shared/include/sysc/communication/sc_buffer.h
            $MGC_HOME/shared/include/sysc/communication/sc_signal.h
              $MGC_HOME/shared/include/sysc/communication/sc_port.h
                $MGC_HOME/shared/include/sysc/kernel/sc_event.h
                  $MGC_HOME/shared/include/sysc/kernel/sc_cmnhdr.h
              $MGC_HOME/shared/include/sysc/communication/sc_prim_channel.h
              $MGC_HOME/shared/include/sysc/communication/sc_signal_ifs.h
              $MGC_HOME/shared/include/sysc/tracing/sc_trace.h
          $MGC_HOME/shared/include/sysc/communication/sc_clock.h
          $MGC_HOME/shared/include/sysc/communication/sc_clock_ports.h
            $MGC_HOME/shared/include/sysc/communication/sc_signal_ports.h
              $MGC_HOME/shared/include/sysc/communication/sc_event_finder.h
          $MGC_HOME/shared/include/sysc/communication/sc_event_queue.h
          $MGC_HOME/shared/include/sysc/communication/sc_fifo.h
            $MGC_HOME/shared/include/sysc/communication/sc_fifo_ifs.h
          $MGC_HOME/shared/include/sysc/communication/sc_fifo_ports.h
          $MGC_HOME/shared/include/sysc/communication/sc_mutex.h
            $MGC_HOME/shared/include/sysc/communication/sc_mutex_if.h
          $MGC_HOME/shared/include/sysc/communication/sc_semaphore.h
            $MGC_HOME/shared/include/sysc/communication/sc_semaphore_if.h
          $MGC_HOME/shared/include/sysc/communication/sc_signal_resolved.h
          $MGC_HOME/shared/include/sysc/communication/sc_signal_resolved_ports.h
          $MGC_HOME/shared/include/sysc/communication/sc_signal_rv.h
            $MGC_HOME/shared/include/sysc/datatypes/bit/sc_lv.h
              $MGC_HOME/shared/include/sysc/datatypes/bit/sc_lv_base.h
                $MGC_HOME/shared/include/sysc/datatypes/bit/sc_bv_base.h
                  $MGC_HOME/shared/include/sysc/datatypes/bit/sc_bit_proxies.h
                    $MGC_HOME/shared/include/sysc/datatypes/bit/sc_proxy.h
                      $MGC_HOME/shared/include/sysc/kernel/sc_cmnhdr.h
                      $MGC_HOME/shared/include/sysc/datatypes/int/sc_signed.h
                        $MGC_HOME/shared/include/sysc/datatypes/misc/sc_value_base.h
                        $MGC_HOME/shared/include/sysc/utils/sc_temporary.h
                          $MGC_HOME/shared/include/sysc/kernel/sc_cmnhdr.h
                        $MGC_HOME/shared/include/sysc/datatypes/int/sc_length_param.h
                          $MGC_HOME/shared/include/sysc/datatypes/fx/sc_context.h
                            $MGC_HOME/shared/include/sysc/kernel/sc_cmnhdr.h
                        $MGC_HOME/shared/include/sysc/datatypes/int/sc_nbexterns.h
                        $MGC_HOME/shared/include/sysc/datatypes/int/sc_unsigned.h
                      $MGC_HOME/shared/include/sysc/datatypes/int/sc_int_base.h
                        $MGC_HOME/shared/include/sysc/kernel/sc_cmnhdr.h
                        $MGC_HOME/shared/include/sysc/datatypes/int/sc_uint_base.h
          $MGC_HOME/shared/include/sysc/communication/sc_signal_rv_ports.h
          $MGC_HOME/shared/include/sysc/datatypes/bit/sc_bv.h
          $MGC_HOME/shared/include/sysc/datatypes/int/sc_bigint.h
          $MGC_HOME/shared/include/sysc/datatypes/int/sc_biguint.h
          $MGC_HOME/shared/include/sysc/datatypes/int/sc_int.h
          $MGC_HOME/shared/include/sysc/datatypes/int/sc_uint.h
          $MGC_HOME/shared/include/sysc/datatypes/misc/sc_concatref.h
          $MGC_HOME/shared/include/sysc/utils/sc_utils_ids.h
          $MGC_HOME/shared/include/sysc/utils/sc_pvector.h
          $MGC_HOME/shared/include/sysc/utils/sc_string_view.h
            $MGC_HOME/shared/include/sysc/kernel/sc_cmnhdr.h
            $MGC_HOME/shared/include/sysc/packages/boost/utility/string_view.hpp
              $MGC_HOME/shared/include/sysc/packages/boost/config.hpp
                $MGC_HOME/shared/include/sysc/packages/boost/config/user.hpp
                $MGC_HOME/shared/include/sysc/packages/boost/config/select_compiler_config.hpp
                $MGC_HOME/shared/include/sysc/packages/boost/config/compiler/gcc.hpp
                $MGC_HOME/shared/include/sysc/packages/boost/config/select_stdlib_config.hpp
                $MGC_HOME/shared/include/sysc/packages/boost/config/stdlib/libstdcpp3.hpp
                $MGC_HOME/shared/include/sysc/packages/boost/config/select_platform_config.hpp
                $MGC_HOME/shared/include/sysc/packages/boost/config/platform/linux.hpp
                  $MGC_HOME/shared/include/sysc/packages/boost/config/posix_features.hpp
                $MGC_HOME/shared/include/sysc/packages/boost/config/suffix.hpp
              $MGC_HOME/shared/include/sysc/packages/boost/utility/string_view_fwd.hpp
          $MGC_HOME/shared/include/sysc/utils/sc_vector.h
      $MGC_HOME/shared/include/ac_sysc_macros.h
      $MGC_HOME/shared/include/ac_sysc_trace.h
      $MGC_HOME/shared/include/connections/connections.h
        $MGC_HOME/shared/include/connections/marshaller.h
          $MGC_HOME/shared/include/ccs_types.h
            $MGC_HOME/shared/include/tlm.h
              $MGC_HOME/shared/include/tlm
                $MGC_HOME/shared/include/systemc
                $MGC_HOME/shared/include/tlm_core/tlm_2/tlm_version.h
                $MGC_HOME/shared/include/tlm_core/tlm_1/tlm_analysis/tlm_analysis.h
                  $MGC_HOME/shared/include/tlm_core/tlm_1/tlm_analysis/tlm_write_if.h
                    $MGC_HOME/shared/include/systemc
                  $MGC_HOME/shared/include/tlm_core/tlm_1/tlm_analysis/tlm_analysis_if.h
                  $MGC_HOME/shared/include/tlm_core/tlm_1/tlm_analysis/tlm_analysis_triple.h
                  $MGC_HOME/shared/include/tlm_core/tlm_1/tlm_analysis/tlm_analysis_port.h
                  $MGC_HOME/shared/include/tlm_core/tlm_1/tlm_analysis/tlm_analysis_fifo.h
                    $MGC_HOME/shared/include/tlm_core/tlm_1/tlm_req_rsp/tlm_channels/tlm_fifo/tlm_fifo.h
                      $MGC_HOME/shared/include/tlm_core/tlm_1/tlm_req_rsp/tlm_1_interfaces/tlm_fifo_ifs.h
                        $MGC_HOME/shared/include/tlm_core/tlm_1/tlm_req_rsp/tlm_1_interfaces/tlm_core_ifs.h
                          $MGC_HOME/shared/include/tlm_core/tlm_1/tlm_req_rsp/tlm_1_interfaces/tlm_tag.h
                      $MGC_HOME/shared/include/tlm_core/tlm_1/tlm_req_rsp/tlm_channels/tlm_fifo/circular_buffer.h
                      $MGC_HOME/shared/include/tlm_core/tlm_1/tlm_req_rsp/tlm_channels/tlm_fifo/tlm_fifo_put_get.h
                      $MGC_HOME/shared/include/tlm_core/tlm_1/tlm_req_rsp/tlm_channels/tlm_fifo/tlm_fifo_peek.h
                      $MGC_HOME/shared/include/tlm_core/tlm_1/tlm_req_rsp/tlm_channels/tlm_fifo/tlm_fifo_resize.h
                $MGC_HOME/shared/include/tlm_core/tlm_1/tlm_req_rsp/tlm_req_rsp.h
                  $MGC_HOME/shared/include/tlm_core/tlm_1/tlm_req_rsp/tlm_1_interfaces/tlm_master_slave_ifs.h
                  $MGC_HOME/shared/include/tlm_core/tlm_1/tlm_req_rsp/tlm_channels/tlm_req_rsp_channels/tlm_req_rsp_channels.h
                    $MGC_HOME/shared/include/tlm_core/tlm_1/tlm_req_rsp/tlm_adapters/tlm_adapters.h
                    $MGC_HOME/shared/include/tlm_core/tlm_1/tlm_req_rsp/tlm_channels/tlm_req_rsp_channels/tlm_put_get_imp.h
                  $MGC_HOME/shared/include/tlm_core/tlm_1/tlm_req_rsp/tlm_ports/tlm_nonblocking_port.h
                    $MGC_HOME/shared/include/tlm_core/tlm_1/tlm_req_rsp/tlm_ports/tlm_event_finder.h
                $MGC_HOME/shared/include/tlm_core/tlm_2/tlm_2_interfaces/tlm_2_interfaces.h
                  $MGC_HOME/shared/include/tlm_core/tlm_2/tlm_2_interfaces/tlm_dmi.h
                    $MGC_HOME/shared/include/systemc
                  $MGC_HOME/shared/include/tlm_core/tlm_2/tlm_2_interfaces/tlm_fw_bw_ifs.h
                    $MGC_HOME/shared/include/systemc
                    $MGC_HOME/shared/include/tlm_core/tlm_2/tlm_generic_payload/tlm_generic_payload.h
                      $MGC_HOME/shared/include/tlm_core/tlm_2/tlm_generic_payload/tlm_helpers.h
                      $MGC_HOME/shared/include/tlm_core/tlm_2/tlm_generic_payload/tlm_phase.h
                        $MGC_HOME/shared/include/sysc/kernel/sc_cmnhdr.h
                      $MGC_HOME/shared/include/tlm_core/tlm_2/tlm_generic_payload/tlm_gp.h
                        $MGC_HOME/shared/include/sysc/kernel/sc_cmnhdr.h
                        $MGC_HOME/shared/include/tlm_core/tlm_2/tlm_generic_payload/tlm_array.h
                      $MGC_HOME/shared/include/tlm_core/tlm_2/tlm_generic_payload/tlm_endian_conv.h
                $MGC_HOME/shared/include/tlm_core/tlm_2/tlm_sockets/tlm_sockets.h
                  $MGC_HOME/shared/include/tlm_core/tlm_2/tlm_sockets/tlm_initiator_socket.h
                    $MGC_HOME/shared/include/tlm_core/tlm_2/tlm_sockets/tlm_base_socket_if.h
                  $MGC_HOME/shared/include/tlm_core/tlm_2/tlm_sockets/tlm_target_socket.h
                $MGC_HOME/shared/include/tlm_core/tlm_2/tlm_quantum/tlm_quantum.h
                  $MGC_HOME/shared/include/tlm_core/tlm_2/tlm_quantum/tlm_global_quantum.h
            $MGC_HOME/shared/include/ac_sc.h
              $MGC_HOME/shared/include/ac_complex.h
                $MGC_HOME/shared/include/ac_float.h
                  $MGC_HOME/shared/include/ac_fixed.h
                    $MGC_HOME/shared/include/ac_int.h
            $MGC_HOME/shared/include/mc_typeconv.h
          $MGC_HOME/shared/include/connections/connections_utils.h
            $MGC_HOME/shared/include/ac_assert.h
        $MGC_HOME/shared/include/connections/connections_trace.h
          $MGC_HOME/shared/include/systemc
        $MGC_HOME/shared/include/connections/message.h
      $MGC_HOME/shared/include/connections/connections_sync.h
      $MGC_HOME/shared/include/connections/connections_fifo.h
      $MGC_HOME/shared/include/connections/port_scanner.h
        $MGC_HOME/shared/include/systemc
  $PROJECT_HOME/../../inc/macfin2_conf_info.h
    $MGC_HOME/shared/include/ac_int.h
    $MGC_HOME/shared/include/ac_fixed.h
    $PROJECT_HOME/../../inc/macfin2_specs.h
      $MGC_HOME/shared/include/mc_connections.h
        $MGC_HOME/shared/include/systemc.h
          $MGC_HOME/shared/include/systemc
            $MGC_HOME/shared/include/sysc/kernel/sc_cmnhdr.h
            $MGC_HOME/shared/include/sysc/kernel/sc_externs.h
            $MGC_HOME/shared/include/sysc/kernel/sc_except.h
              $MGC_HOME/shared/include/sysc/kernel/sc_cmnhdr.h
            $MGC_HOME/shared/include/sysc/kernel/sc_module.h
              $MGC_HOME/shared/include/sysc/kernel/sc_kernel_ids.h
                $MGC_HOME/shared/include/sysc/utils/sc_report.h
                  $MGC_HOME/shared/include/sysc/kernel/sc_cmnhdr.h
                  $MGC_HOME/shared/include/sysc/utils/sc_report_handler.h
              $MGC_HOME/shared/include/sysc/kernel/sc_process.h
                $MGC_HOME/shared/include/sysc/kernel/sc_constants.h
                $MGC_HOME/shared/include/sysc/kernel/sc_object.h
                  $MGC_HOME/shared/include/sysc/kernel/sc_attribute.h
                    $MGC_HOME/shared/include/sysc/kernel/sc_cmnhdr.h
                $MGC_HOME/shared/include/sysc/communication/sc_export.h
                  $MGC_HOME/shared/include/sysc/communication/sc_communication_ids.h
                  $MGC_HOME/shared/include/sysc/communication/sc_interface.h
                    $MGC_HOME/shared/include/sysc/kernel/sc_cmnhdr.h
                  $MGC_HOME/shared/include/sysc/utils/sc_typeindex.h
                    $MGC_HOME/shared/include/sysc/kernel/sc_cmnhdr.h
              $MGC_HOME/shared/include/sysc/kernel/sc_module_name.h
              $MGC_HOME/shared/include/sysc/kernel/sc_sensitive.h
              $MGC_HOME/shared/include/sysc/kernel/sc_time.h
                $MGC_HOME/shared/include/sysc/datatypes/int/sc_nbdefs.h
                  $MGC_HOME/shared/include/sysc/kernel/sc_cmnhdr.h
                $MGC_HOME/shared/include/sysc/datatypes/fx/scfx_ieee.h
                  $MGC_HOME/shared/include/sysc/datatypes/fx/sc_fxdefs.h
                    $MGC_HOME/shared/include/sysc/kernel/sc_cmnhdr.h
                    $MGC_HOME/shared/include/sysc/utils/sc_machine.h
                      $MGC_HOME/shared/include/sysc/packages/boost/detail/endian.hpp
                    $MGC_HOME/shared/include/sysc/datatypes/fx/sc_fx_ids.h
                    $MGC_HOME/shared/include/sysc/datatypes/int/sc_nbutils.h
                      $MGC_HOME/shared/include/sysc/datatypes/bit/sc_bit_ids.h
                      $MGC_HOME/shared/include/sysc/datatypes/int/sc_int_ids.h
              $MGC_HOME/shared/include/sysc/kernel/sc_wait.h
                $MGC_HOME/shared/include/sysc/kernel/sc_simcontext.h
                  $MGC_HOME/shared/include/sysc/kernel/sc_cmnhdr.h
                  $MGC_HOME/shared/include/sysc/kernel/sc_status.h
                    $MGC_HOME/shared/include/sysc/kernel/sc_cmnhdr.h
                  $MGC_HOME/shared/include/sysc/utils/sc_hash.h
                    $MGC_HOME/shared/include/sysc/kernel/sc_simcontext.h
                  $MGC_HOME/shared/include/sysc/utils/sc_pq.h
                    $MGC_HOME/shared/include/sysc/kernel/sc_cmnhdr.h
              $MGC_HOME/shared/include/sysc/kernel/sc_wait_cthread.h
                $MGC_HOME/shared/include/sysc/datatypes/bit/sc_logic.h
                  $MGC_HOME/shared/include/sysc/kernel/sc_cmnhdr.h
                  $MGC_HOME/shared/include/sysc/kernel/sc_macros.h
                    $MGC_HOME/shared/include/sysc/kernel/sc_cmnhdr.h
                  $MGC_HOME/shared/include/sysc/utils/sc_mempool.h
                  $MGC_HOME/shared/include/sysc/datatypes/bit/sc_bit.h
              $MGC_HOME/shared/include/sysc/kernel/sc_process_handle.h
                $MGC_HOME/shared/include/sysc/kernel/sc_module.h
              $MGC_HOME/shared/include/sysc/utils/sc_list.h
                $MGC_HOME/shared/include/sysc/kernel/sc_cmnhdr.h
            $MGC_HOME/shared/include/sysc/kernel/sc_ver.h
              $MGC_HOME/shared/include/sysc/kernel/sc_cmnhdr.h
              $MGC_HOME/shared/include/sysc/communication/sc_writer_policy.h
            $MGC_HOME/shared/include/sysc/communication/sc_buffer.h
              $MGC_HOME/shared/include/sysc/communication/sc_signal.h
                $MGC_HOME/shared/include/sysc/communication/sc_port.h
                  $MGC_HOME/shared/include/sysc/kernel/sc_event.h
                    $MGC_HOME/shared/include/sysc/kernel/sc_cmnhdr.h
                $MGC_HOME/shared/include/sysc/communication/sc_prim_channel.h
                $MGC_HOME/shared/include/sysc/communication/sc_signal_ifs.h
                $MGC_HOME/shared/include/sysc/tracing/sc_trace.h
            $MGC_HOME/shared/include/sysc/communication/sc_clock.h
            $MGC_HOME/shared/include/sysc/communication/sc_clock_ports.h
              $MGC_HOME/shared/include/sysc/communication/sc_signal_ports.h
                $MGC_HOME/shared/include/sysc/communication/sc_event_finder.h
            $MGC_HOME/shared/include/sysc/communication/sc_event_queue.h
            $MGC_HOME/shared/include/sysc/communication/sc_fifo.h
              $MGC_HOME/shared/include/sysc/communication/sc_fifo_ifs.h
            $MGC_HOME/shared/include/sysc/communication/sc_fifo_ports.h
            $MGC_HOME/shared/include/sysc/communication/sc_mutex.h
              $MGC_HOME/shared/include/sysc/communication/sc_mutex_if.h
            $MGC_HOME/shared/include/sysc/communication/sc_semaphore.h
              $MGC_HOME/shared/include/sysc/communication/sc_semaphore_if.h
            $MGC_HOME/shared/include/sysc/communication/sc_signal_resolved.h
            $MGC_HOME/shared/include/sysc/communication/sc_signal_resolved_ports.h
            $MGC_HOME/shared/include/sysc/communication/sc_signal_rv.h
              $MGC_HOME/shared/include/sysc/datatypes/bit/sc_lv.h
                $MGC_HOME/shared/include/sysc/datatypes/bit/sc_lv_base.h
                  $MGC_HOME/shared/include/sysc/datatypes/bit/sc_bv_base.h
                    $MGC_HOME/shared/include/sysc/datatypes/bit/sc_bit_proxies.h
                      $MGC_HOME/shared/include/sysc/datatypes/bit/sc_proxy.h
                        $MGC_HOME/shared/include/sysc/kernel/sc_cmnhdr.h
                        $MGC_HOME/shared/include/sysc/datatypes/int/sc_signed.h
                          $MGC_HOME/shared/include/sysc/datatypes/misc/sc_value_base.h
                          $MGC_HOME/shared/include/sysc/utils/sc_temporary.h
                            $MGC_HOME/shared/include/sysc/kernel/sc_cmnhdr.h
                          $MGC_HOME/shared/include/sysc/datatypes/int/sc_length_param.h
                            $MGC_HOME/shared/include/sysc/datatypes/fx/sc_context.h
                              $MGC_HOME/shared/include/sysc/kernel/sc_cmnhdr.h
                          $MGC_HOME/shared/include/sysc/datatypes/int/sc_nbexterns.h
                          $MGC_HOME/shared/include/sysc/datatypes/int/sc_unsigned.h
                        $MGC_HOME/shared/include/sysc/datatypes/int/sc_int_base.h
                          $MGC_HOME/shared/include/sysc/kernel/sc_cmnhdr.h
                          $MGC_HOME/shared/include/sysc/datatypes/int/sc_uint_base.h
            $MGC_HOME/shared/include/sysc/communication/sc_signal_rv_ports.h
            $MGC_HOME/shared/include/sysc/datatypes/bit/sc_bv.h
            $MGC_HOME/shared/include/sysc/datatypes/int/sc_bigint.h
            $MGC_HOME/shared/include/sysc/datatypes/int/sc_biguint.h
            $MGC_HOME/shared/include/sysc/datatypes/int/sc_int.h
            $MGC_HOME/shared/include/sysc/datatypes/int/sc_uint.h
            $MGC_HOME/shared/include/sysc/datatypes/misc/sc_concatref.h
            $MGC_HOME/shared/include/sysc/utils/sc_utils_ids.h
            $MGC_HOME/shared/include/sysc/utils/sc_pvector.h
            $MGC_HOME/shared/include/sysc/utils/sc_string_view.h
              $MGC_HOME/shared/include/sysc/kernel/sc_cmnhdr.h
              $MGC_HOME/shared/include/sysc/packages/boost/utility/string_view.hpp
                $MGC_HOME/shared/include/sysc/packages/boost/config.hpp
                  $MGC_HOME/shared/include/sysc/packages/boost/config/user.hpp
                  $MGC_HOME/shared/include/sysc/packages/boost/config/select_compiler_config.hpp
                  $MGC_HOME/shared/include/sysc/packages/boost/config/compiler/gcc.hpp
                  $MGC_HOME/shared/include/sysc/packages/boost/config/select_stdlib_config.hpp
                  $MGC_HOME/shared/include/sysc/packages/boost/config/stdlib/libstdcpp3.hpp
                  $MGC_HOME/shared/include/sysc/packages/boost/config/select_platform_config.hpp
                  $MGC_HOME/shared/include/sysc/packages/boost/config/platform/linux.hpp
                    $MGC_HOME/shared/include/sysc/packages/boost/config/posix_features.hpp
                  $MGC_HOME/shared/include/sysc/packages/boost/config/suffix.hpp
                $MGC_HOME/shared/include/sysc/packages/boost/utility/string_view_fwd.hpp
            $MGC_HOME/shared/include/sysc/utils/sc_vector.h
        $MGC_HOME/shared/include/ac_sysc_macros.h
        $MGC_HOME/shared/include/ac_sysc_trace.h
        $MGC_HOME/shared/include/connections/connections.h
          $MGC_HOME/shared/include/connections/marshaller.h
            $MGC_HOME/shared/include/ccs_types.h
              $MGC_HOME/shared/include/tlm.h
                $MGC_HOME/shared/include/tlm
                  $MGC_HOME/shared/include/systemc
                  $MGC_HOME/shared/include/tlm_core/tlm_2/tlm_version.h
                  $MGC_HOME/shared/include/tlm_core/tlm_1/tlm_analysis/tlm_analysis.h
                    $MGC_HOME/shared/include/tlm_core/tlm_1/tlm_analysis/tlm_write_if.h
                      $MGC_HOME/shared/include/systemc
                    $MGC_HOME/shared/include/tlm_core/tlm_1/tlm_analysis/tlm_analysis_if.h
                    $MGC_HOME/shared/include/tlm_core/tlm_1/tlm_analysis/tlm_analysis_triple.h
                    $MGC_HOME/shared/include/tlm_core/tlm_1/tlm_analysis/tlm_analysis_port.h
                    $MGC_HOME/shared/include/tlm_core/tlm_1/tlm_analysis/tlm_analysis_fifo.h
                      $MGC_HOME/shared/include/tlm_core/tlm_1/tlm_req_rsp/tlm_channels/tlm_fifo/tlm_fifo.h
                        $MGC_HOME/shared/include/tlm_core/tlm_1/tlm_req_rsp/tlm_1_interfaces/tlm_fifo_ifs.h
                          $MGC_HOME/shared/include/tlm_core/tlm_1/tlm_req_rsp/tlm_1_interfaces/tlm_core_ifs.h
                            $MGC_HOME/shared/include/tlm_core/tlm_1/tlm_req_rsp/tlm_1_interfaces/tlm_tag.h
                        $MGC_HOME/shared/include/tlm_core/tlm_1/tlm_req_rsp/tlm_channels/tlm_fifo/circular_buffer.h
                        $MGC_HOME/shared/include/tlm_core/tlm_1/tlm_req_rsp/tlm_channels/tlm_fifo/tlm_fifo_put_get.h
                        $MGC_HOME/shared/include/tlm_core/tlm_1/tlm_req_rsp/tlm_channels/tlm_fifo/tlm_fifo_peek.h
                        $MGC_HOME/shared/include/tlm_core/tlm_1/tlm_req_rsp/tlm_channels/tlm_fifo/tlm_fifo_resize.h
                  $MGC_HOME/shared/include/tlm_core/tlm_1/tlm_req_rsp/tlm_req_rsp.h
                    $MGC_HOME/shared/include/tlm_core/tlm_1/tlm_req_rsp/tlm_1_interfaces/tlm_master_slave_ifs.h
                    $MGC_HOME/shared/include/tlm_core/tlm_1/tlm_req_rsp/tlm_channels/tlm_req_rsp_channels/tlm_req_rsp_channels.h
                      $MGC_HOME/shared/include/tlm_core/tlm_1/tlm_req_rsp/tlm_adapters/tlm_adapters.h
                      $MGC_HOME/shared/include/tlm_core/tlm_1/tlm_req_rsp/tlm_channels/tlm_req_rsp_channels/tlm_put_get_imp.h
                    $MGC_HOME/shared/include/tlm_core/tlm_1/tlm_req_rsp/tlm_ports/tlm_nonblocking_port.h
                      $MGC_HOME/shared/include/tlm_core/tlm_1/tlm_req_rsp/tlm_ports/tlm_event_finder.h
                  $MGC_HOME/shared/include/tlm_core/tlm_2/tlm_2_interfaces/tlm_2_interfaces.h
                    $MGC_HOME/shared/include/tlm_core/tlm_2/tlm_2_interfaces/tlm_dmi.h
                      $MGC_HOME/shared/include/systemc
                    $MGC_HOME/shared/include/tlm_core/tlm_2/tlm_2_interfaces/tlm_fw_bw_ifs.h
                      $MGC_HOME/shared/include/systemc
                      $MGC_HOME/shared/include/tlm_core/tlm_2/tlm_generic_payload/tlm_generic_payload.h
                        $MGC_HOME/shared/include/tlm_core/tlm_2/tlm_generic_payload/tlm_helpers.h
                        $MGC_HOME/shared/include/tlm_core/tlm_2/tlm_generic_payload/tlm_phase.h
                          $MGC_HOME/shared/include/sysc/kernel/sc_cmnhdr.h
                        $MGC_HOME/shared/include/tlm_core/tlm_2/tlm_generic_payload/tlm_gp.h
                          $MGC_HOME/shared/include/sysc/kernel/sc_cmnhdr.h
                          $MGC_HOME/shared/include/tlm_core/tlm_2/tlm_generic_payload/tlm_array.h
                        $MGC_HOME/shared/include/tlm_core/tlm_2/tlm_generic_payload/tlm_endian_conv.h
                  $MGC_HOME/shared/include/tlm_core/tlm_2/tlm_sockets/tlm_sockets.h
                    $MGC_HOME/shared/include/tlm_core/tlm_2/tlm_sockets/tlm_initiator_socket.h
                      $MGC_HOME/shared/include/tlm_core/tlm_2/tlm_sockets/tlm_base_socket_if.h
                    $MGC_HOME/shared/include/tlm_core/tlm_2/tlm_sockets/tlm_target_socket.h
                  $MGC_HOME/shared/include/tlm_core/tlm_2/tlm_quantum/tlm_quantum.h
                    $MGC_HOME/shared/include/tlm_core/tlm_2/tlm_quantum/tlm_global_quantum.h
              $MGC_HOME/shared/include/ac_sc.h
                $MGC_HOME/shared/include/ac_complex.h
                  $MGC_HOME/shared/include/ac_float.h
              $MGC_HOME/shared/include/mc_typeconv.h
            $MGC_HOME/shared/include/connections/connections_utils.h
              $MGC_HOME/shared/include/ac_assert.h
          $MGC_HOME/shared/include/connections/connections_trace.h
            $MGC_HOME/shared/include/systemc
          $MGC_HOME/shared/include/connections/message.h
        $MGC_HOME/shared/include/connections/connections_sync.h
        $MGC_HOME/shared/include/connections/connections_fifo.h
        $MGC_HOME/shared/include/connections/port_scanner.h
          $MGC_HOME/shared/include/systemc
      $PROJECT_HOME/../../../../common/matchlib_toolkit/examples/matchlib/cmod/include/nvhls_connections.h
        $PROJECT_HOME/../../../../common/matchlib_toolkit/examples/matchlib/cmod/include/nvhls_packet.h
          $PROJECT_HOME/../../../../common/matchlib_toolkit/examples/matchlib/cmod/include/nvhls_types.h
            $PROJECT_HOME/../../../../common/matchlib_toolkit/examples/matchlib/cmod/include/nvhls_int.h
              $PROJECT_HOME/../../../../common/matchlib_toolkit/examples/matchlib/cmod/include/nvhls_marshaller.h
                $MGC_HOME/shared/include/connections/marshaller.h
                  $MGC_HOME/shared/include/mc_typeconv.h
                $PROJECT_HOME/../../../../common/matchlib_toolkit/examples/matchlib/cmod/include/nvhls_assert.h
                  $PROJECT_HOME/../../../../common/matchlib_toolkit/examples/matchlib/cmod/include/hls_globals.h
                  $MGC_HOME/shared/include/ac_assert.h
          $PROJECT_HOME/../../../../common/matchlib_toolkit/examples/matchlib/cmod/include/nvhls_message.h
            $PROJECT_HOME/../../../../common/matchlib_toolkit/examples/matchlib/cmod/include/nvhls_connections_utils.h
        $PROJECT_HOME/../../../../common/matchlib_toolkit/examples/matchlib/cmod/include/nvhls_module.h
          $PROJECT_HOME/../../../../common/matchlib_toolkit/examples/matchlib/cmod/include/nvhls_trace.h
        $PROJECT_HOME/../../../../common/matchlib_toolkit/examples/matchlib/cmod/include/fifo.h
          $PROJECT_HOME/../../../../common/matchlib_toolkit/examples/matchlib/cmod/include/mem_array.h
            $PROJECT_HOME/../../../../common/matchlib_toolkit/examples/matchlib/cmod/include/nvhls_array.h
              $MGC_HOME/shared/include/ac_assert.h
            $PROJECT_HOME/../../../../common/matchlib_toolkit/examples/matchlib/cmod/include/TypeToBits.h
        $PROJECT_HOME/../../../../common/matchlib_toolkit/examples/matchlib/cmod/include/nvhls_connections_buffered_ports.h
          $PROJECT_HOME/../../../../common/matchlib_toolkit/include/ccs_p2p.h
        $PROJECT_HOME/../../../../common/matchlib_toolkit/examples/matchlib/cmod/include/nvhls_connections_network.h
          $PROJECT_HOME/../../../../common/matchlib_toolkit/examples/matchlib/cmod/include/nvhls_connections.h
      $PROJECT_HOME/../../../../common/matchlib_toolkit/examples/matchlib/cmod/include/nvhls_vector.h
        $PROJECT_HOME/../../../../common/matchlib_toolkit/examples/matchlib/cmod/include/hls_globals.h
        $PROJECT_HOME/../../../../common/matchlib_toolkit/include/ccs_p2p.h
      $PROJECT_HOME/../../../../common/inc/esp_dma_info_sysc.hpp
      $PROJECT_HOME/../../../../common/matchlib_toolkit/examples/matchlib/cmod/include/ArbitratedScratchpadDP.h
        $PROJECT_HOME/../../../../common/matchlib_toolkit/examples/matchlib/cmod/include/arbitrated_crossbar.h
          $PROJECT_HOME/../../../../common/matchlib_toolkit/examples/matchlib/cmod/include/Arbiter.h
          $PROJECT_HOME/../../../../common/matchlib_toolkit/examples/matchlib/cmod/include/one_hot_to_bin.h
          $PROJECT_HOME/../../../../common/matchlib_toolkit/examples/matchlib/cmod/include/hls_globals.h
        $PROJECT_HOME/../../../../common/matchlib_toolkit/examples/matchlib/cmod/include/crossbar.h
    $PROJECT_HOME/../../inc/macfin2_data_types.h
    $PROJECT_HOME/../../../../common/matchlib_toolkit/include/auto_gen_port_info.h
      $MGC_HOME/shared/include/connections/marshaller.h
        $MGC_HOME/shared/include/mc_typeconv.h
      $PROJECT_HOME/../../../../common/matchlib_toolkit/include/auto_gen_fields.h
        $MGC_HOME/shared/include/connections/marshaller.h
          $MGC_HOME/shared/include/mc_typeconv.h
        $PROJECT_HOME/../../../../common/matchlib_toolkit/examples/matchlib/cmod/include/UIntOrEmpty.h
          $MGC_HOME/shared/include/systemc
  $PROJECT_HOME/../../inc/DataPath.h
    $PROJECT_HOME/../../inc/macfin2_data_types.h
      $MGC_HOME/shared/include/ac_int.h
      $MGC_HOME/shared/include/ac_fixed.h
      $PROJECT_HOME/../../inc/macfin2_specs.h
        $MGC_HOME/shared/include/mc_connections.h
          $MGC_HOME/shared/include/systemc.h
            $MGC_HOME/shared/include/systemc
              $MGC_HOME/shared/include/sysc/kernel/sc_cmnhdr.h
              $MGC_HOME/shared/include/sysc/kernel/sc_externs.h
              $MGC_HOME/shared/include/sysc/kernel/sc_except.h
                $MGC_HOME/shared/include/sysc/kernel/sc_cmnhdr.h
              $MGC_HOME/shared/include/sysc/kernel/sc_module.h
                $MGC_HOME/shared/include/sysc/kernel/sc_kernel_ids.h
                  $MGC_HOME/shared/include/sysc/utils/sc_report.h
                    $MGC_HOME/shared/include/sysc/kernel/sc_cmnhdr.h
                    $MGC_HOME/shared/include/sysc/utils/sc_report_handler.h
                $MGC_HOME/shared/include/sysc/kernel/sc_process.h
                  $MGC_HOME/shared/include/sysc/kernel/sc_constants.h
                  $MGC_HOME/shared/include/sysc/kernel/sc_object.h
                    $MGC_HOME/shared/include/sysc/kernel/sc_attribute.h
                      $MGC_HOME/shared/include/sysc/kernel/sc_cmnhdr.h
                  $MGC_HOME/shared/include/sysc/communication/sc_export.h
                    $MGC_HOME/shared/include/sysc/communication/sc_communication_ids.h
                    $MGC_HOME/shared/include/sysc/communication/sc_interface.h
                      $MGC_HOME/shared/include/sysc/kernel/sc_cmnhdr.h
                    $MGC_HOME/shared/include/sysc/utils/sc_typeindex.h
                      $MGC_HOME/shared/include/sysc/kernel/sc_cmnhdr.h
                $MGC_HOME/shared/include/sysc/kernel/sc_module_name.h
                $MGC_HOME/shared/include/sysc/kernel/sc_sensitive.h
                $MGC_HOME/shared/include/sysc/kernel/sc_time.h
                  $MGC_HOME/shared/include/sysc/datatypes/int/sc_nbdefs.h
                    $MGC_HOME/shared/include/sysc/kernel/sc_cmnhdr.h
                  $MGC_HOME/shared/include/sysc/datatypes/fx/scfx_ieee.h
                    $MGC_HOME/shared/include/sysc/datatypes/fx/sc_fxdefs.h
                      $MGC_HOME/shared/include/sysc/kernel/sc_cmnhdr.h
                      $MGC_HOME/shared/include/sysc/utils/sc_machine.h
                        $MGC_HOME/shared/include/sysc/packages/boost/detail/endian.hpp
                      $MGC_HOME/shared/include/sysc/datatypes/fx/sc_fx_ids.h
                      $MGC_HOME/shared/include/sysc/datatypes/int/sc_nbutils.h
                        $MGC_HOME/shared/include/sysc/datatypes/bit/sc_bit_ids.h
                        $MGC_HOME/shared/include/sysc/datatypes/int/sc_int_ids.h
                $MGC_HOME/shared/include/sysc/kernel/sc_wait.h
                  $MGC_HOME/shared/include/sysc/kernel/sc_simcontext.h
                    $MGC_HOME/shared/include/sysc/kernel/sc_cmnhdr.h
                    $MGC_HOME/shared/include/sysc/kernel/sc_status.h
                      $MGC_HOME/shared/include/sysc/kernel/sc_cmnhdr.h
                    $MGC_HOME/shared/include/sysc/utils/sc_hash.h
                      $MGC_HOME/shared/include/sysc/kernel/sc_simcontext.h
                    $MGC_HOME/shared/include/sysc/utils/sc_pq.h
                      $MGC_HOME/shared/include/sysc/kernel/sc_cmnhdr.h
                $MGC_HOME/shared/include/sysc/kernel/sc_wait_cthread.h
                  $MGC_HOME/shared/include/sysc/datatypes/bit/sc_logic.h
                    $MGC_HOME/shared/include/sysc/kernel/sc_cmnhdr.h
                    $MGC_HOME/shared/include/sysc/kernel/sc_macros.h
                      $MGC_HOME/shared/include/sysc/kernel/sc_cmnhdr.h
                    $MGC_HOME/shared/include/sysc/utils/sc_mempool.h
                    $MGC_HOME/shared/include/sysc/datatypes/bit/sc_bit.h
                $MGC_HOME/shared/include/sysc/kernel/sc_process_handle.h
                  $MGC_HOME/shared/include/sysc/kernel/sc_module.h
                $MGC_HOME/shared/include/sysc/utils/sc_list.h
                  $MGC_HOME/shared/include/sysc/kernel/sc_cmnhdr.h
              $MGC_HOME/shared/include/sysc/kernel/sc_ver.h
                $MGC_HOME/shared/include/sysc/kernel/sc_cmnhdr.h
                $MGC_HOME/shared/include/sysc/communication/sc_writer_policy.h
              $MGC_HOME/shared/include/sysc/communication/sc_buffer.h
                $MGC_HOME/shared/include/sysc/communication/sc_signal.h
                  $MGC_HOME/shared/include/sysc/communication/sc_port.h
                    $MGC_HOME/shared/include/sysc/kernel/sc_event.h
                      $MGC_HOME/shared/include/sysc/kernel/sc_cmnhdr.h
                  $MGC_HOME/shared/include/sysc/communication/sc_prim_channel.h
                  $MGC_HOME/shared/include/sysc/communication/sc_signal_ifs.h
                  $MGC_HOME/shared/include/sysc/tracing/sc_trace.h
              $MGC_HOME/shared/include/sysc/communication/sc_clock.h
              $MGC_HOME/shared/include/sysc/communication/sc_clock_ports.h
                $MGC_HOME/shared/include/sysc/communication/sc_signal_ports.h
                  $MGC_HOME/shared/include/sysc/communication/sc_event_finder.h
              $MGC_HOME/shared/include/sysc/communication/sc_event_queue.h
              $MGC_HOME/shared/include/sysc/communication/sc_fifo.h
                $MGC_HOME/shared/include/sysc/communication/sc_fifo_ifs.h
              $MGC_HOME/shared/include/sysc/communication/sc_fifo_ports.h
              $MGC_HOME/shared/include/sysc/communication/sc_mutex.h
                $MGC_HOME/shared/include/sysc/communication/sc_mutex_if.h
              $MGC_HOME/shared/include/sysc/communication/sc_semaphore.h
                $MGC_HOME/shared/include/sysc/communication/sc_semaphore_if.h
              $MGC_HOME/shared/include/sysc/communication/sc_signal_resolved.h
              $MGC_HOME/shared/include/sysc/communication/sc_signal_resolved_ports.h
              $MGC_HOME/shared/include/sysc/communication/sc_signal_rv.h
                $MGC_HOME/shared/include/sysc/datatypes/bit/sc_lv.h
                  $MGC_HOME/shared/include/sysc/datatypes/bit/sc_lv_base.h
                    $MGC_HOME/shared/include/sysc/datatypes/bit/sc_bv_base.h
                      $MGC_HOME/shared/include/sysc/datatypes/bit/sc_bit_proxies.h
                        $MGC_HOME/shared/include/sysc/datatypes/bit/sc_proxy.h
                          $MGC_HOME/shared/include/sysc/kernel/sc_cmnhdr.h
                          $MGC_HOME/shared/include/sysc/datatypes/int/sc_signed.h
                            $MGC_HOME/shared/include/sysc/datatypes/misc/sc_value_base.h
                            $MGC_HOME/shared/include/sysc/utils/sc_temporary.h
                              $MGC_HOME/shared/include/sysc/kernel/sc_cmnhdr.h
                            $MGC_HOME/shared/include/sysc/datatypes/int/sc_length_param.h
                              $MGC_HOME/shared/include/sysc/datatypes/fx/sc_context.h
                                $MGC_HOME/shared/include/sysc/kernel/sc_cmnhdr.h
                            $MGC_HOME/shared/include/sysc/datatypes/int/sc_nbexterns.h
                            $MGC_HOME/shared/include/sysc/datatypes/int/sc_unsigned.h
                          $MGC_HOME/shared/include/sysc/datatypes/int/sc_int_base.h
                            $MGC_HOME/shared/include/sysc/kernel/sc_cmnhdr.h
                            $MGC_HOME/shared/include/sysc/datatypes/int/sc_uint_base.h
              $MGC_HOME/shared/include/sysc/communication/sc_signal_rv_ports.h
              $MGC_HOME/shared/include/sysc/datatypes/bit/sc_bv.h
              $MGC_HOME/shared/include/sysc/datatypes/int/sc_bigint.h
              $MGC_HOME/shared/include/sysc/datatypes/int/sc_biguint.h
              $MGC_HOME/shared/include/sysc/datatypes/int/sc_int.h
              $MGC_HOME/shared/include/sysc/datatypes/int/sc_uint.h
              $MGC_HOME/shared/include/sysc/datatypes/misc/sc_concatref.h
              $MGC_HOME/shared/include/sysc/utils/sc_utils_ids.h
              $MGC_HOME/shared/include/sysc/utils/sc_pvector.h
              $MGC_HOME/shared/include/sysc/utils/sc_string_view.h
                $MGC_HOME/shared/include/sysc/kernel/sc_cmnhdr.h
                $MGC_HOME/shared/include/sysc/packages/boost/utility/string_view.hpp
                  $MGC_HOME/shared/include/sysc/packages/boost/config.hpp
                    $MGC_HOME/shared/include/sysc/packages/boost/config/user.hpp
                    $MGC_HOME/shared/include/sysc/packages/boost/config/select_compiler_config.hpp
                    $MGC_HOME/shared/include/sysc/packages/boost/config/compiler/gcc.hpp
                    $MGC_HOME/shared/include/sysc/packages/boost/config/select_stdlib_config.hpp
                    $MGC_HOME/shared/include/sysc/packages/boost/config/stdlib/libstdcpp3.hpp
                    $MGC_HOME/shared/include/sysc/packages/boost/config/select_platform_config.hpp
                    $MGC_HOME/shared/include/sysc/packages/boost/config/platform/linux.hpp
                      $MGC_HOME/shared/include/sysc/packages/boost/config/posix_features.hpp
                    $MGC_HOME/shared/include/sysc/packages/boost/config/suffix.hpp
                  $MGC_HOME/shared/include/sysc/packages/boost/utility/string_view_fwd.hpp
              $MGC_HOME/shared/include/sysc/utils/sc_vector.h
          $MGC_HOME/shared/include/ac_sysc_macros.h
          $MGC_HOME/shared/include/ac_sysc_trace.h
          $MGC_HOME/shared/include/connections/connections.h
            $MGC_HOME/shared/include/connections/marshaller.h
              $MGC_HOME/shared/include/ccs_types.h
                $MGC_HOME/shared/include/tlm.h
                  $MGC_HOME/shared/include/tlm
                    $MGC_HOME/shared/include/systemc
                    $MGC_HOME/shared/include/tlm_core/tlm_2/tlm_version.h
                    $MGC_HOME/shared/include/tlm_core/tlm_1/tlm_analysis/tlm_analysis.h
                      $MGC_HOME/shared/include/tlm_core/tlm_1/tlm_analysis/tlm_write_if.h
                        $MGC_HOME/shared/include/systemc
                      $MGC_HOME/shared/include/tlm_core/tlm_1/tlm_analysis/tlm_analysis_if.h
                      $MGC_HOME/shared/include/tlm_core/tlm_1/tlm_analysis/tlm_analysis_triple.h
                      $MGC_HOME/shared/include/tlm_core/tlm_1/tlm_analysis/tlm_analysis_port.h
                      $MGC_HOME/shared/include/tlm_core/tlm_1/tlm_analysis/tlm_analysis_fifo.h
                        $MGC_HOME/shared/include/tlm_core/tlm_1/tlm_req_rsp/tlm_channels/tlm_fifo/tlm_fifo.h
                          $MGC_HOME/shared/include/tlm_core/tlm_1/tlm_req_rsp/tlm_1_interfaces/tlm_fifo_ifs.h
                            $MGC_HOME/shared/include/tlm_core/tlm_1/tlm_req_rsp/tlm_1_interfaces/tlm_core_ifs.h
                              $MGC_HOME/shared/include/tlm_core/tlm_1/tlm_req_rsp/tlm_1_interfaces/tlm_tag.h
                          $MGC_HOME/shared/include/tlm_core/tlm_1/tlm_req_rsp/tlm_channels/tlm_fifo/circular_buffer.h
                          $MGC_HOME/shared/include/tlm_core/tlm_1/tlm_req_rsp/tlm_channels/tlm_fifo/tlm_fifo_put_get.h
                          $MGC_HOME/shared/include/tlm_core/tlm_1/tlm_req_rsp/tlm_channels/tlm_fifo/tlm_fifo_peek.h
                          $MGC_HOME/shared/include/tlm_core/tlm_1/tlm_req_rsp/tlm_channels/tlm_fifo/tlm_fifo_resize.h
                    $MGC_HOME/shared/include/tlm_core/tlm_1/tlm_req_rsp/tlm_req_rsp.h
                      $MGC_HOME/shared/include/tlm_core/tlm_1/tlm_req_rsp/tlm_1_interfaces/tlm_master_slave_ifs.h
                      $MGC_HOME/shared/include/tlm_core/tlm_1/tlm_req_rsp/tlm_channels/tlm_req_rsp_channels/tlm_req_rsp_channels.h
                        $MGC_HOME/shared/include/tlm_core/tlm_1/tlm_req_rsp/tlm_adapters/tlm_adapters.h
                        $MGC_HOME/shared/include/tlm_core/tlm_1/tlm_req_rsp/tlm_channels/tlm_req_rsp_channels/tlm_put_get_imp.h
                      $MGC_HOME/shared/include/tlm_core/tlm_1/tlm_req_rsp/tlm_ports/tlm_nonblocking_port.h
                        $MGC_HOME/shared/include/tlm_core/tlm_1/tlm_req_rsp/tlm_ports/tlm_event_finder.h
                    $MGC_HOME/shared/include/tlm_core/tlm_2/tlm_2_interfaces/tlm_2_interfaces.h
                      $MGC_HOME/shared/include/tlm_core/tlm_2/tlm_2_interfaces/tlm_dmi.h
                        $MGC_HOME/shared/include/systemc
                      $MGC_HOME/shared/include/tlm_core/tlm_2/tlm_2_interfaces/tlm_fw_bw_ifs.h
                        $MGC_HOME/shared/include/systemc
                        $MGC_HOME/shared/include/tlm_core/tlm_2/tlm_generic_payload/tlm_generic_payload.h
                          $MGC_HOME/shared/include/tlm_core/tlm_2/tlm_generic_payload/tlm_helpers.h
                          $MGC_HOME/shared/include/tlm_core/tlm_2/tlm_generic_payload/tlm_phase.h
                            $MGC_HOME/shared/include/sysc/kernel/sc_cmnhdr.h
                          $MGC_HOME/shared/include/tlm_core/tlm_2/tlm_generic_payload/tlm_gp.h
                            $MGC_HOME/shared/include/sysc/kernel/sc_cmnhdr.h
                            $MGC_HOME/shared/include/tlm_core/tlm_2/tlm_generic_payload/tlm_array.h
                          $MGC_HOME/shared/include/tlm_core/tlm_2/tlm_generic_payload/tlm_endian_conv.h
                    $MGC_HOME/shared/include/tlm_core/tlm_2/tlm_sockets/tlm_sockets.h
                      $MGC_HOME/shared/include/tlm_core/tlm_2/tlm_sockets/tlm_initiator_socket.h
                        $MGC_HOME/shared/include/tlm_core/tlm_2/tlm_sockets/tlm_base_socket_if.h
                      $MGC_HOME/shared/include/tlm_core/tlm_2/tlm_sockets/tlm_target_socket.h
                    $MGC_HOME/shared/include/tlm_core/tlm_2/tlm_quantum/tlm_quantum.h
                      $MGC_HOME/shared/include/tlm_core/tlm_2/tlm_quantum/tlm_global_quantum.h
                $MGC_HOME/shared/include/ac_sc.h
                  $MGC_HOME/shared/include/ac_complex.h
                    $MGC_HOME/shared/include/ac_float.h
                $MGC_HOME/shared/include/mc_typeconv.h
              $MGC_HOME/shared/include/connections/connections_utils.h
                $MGC_HOME/shared/include/ac_assert.h
            $MGC_HOME/shared/include/connections/connections_trace.h
              $MGC_HOME/shared/include/systemc
            $MGC_HOME/shared/include/connections/message.h
          $MGC_HOME/shared/include/connections/connections_sync.h
          $MGC_HOME/shared/include/connections/connections_fifo.h
          $MGC_HOME/shared/include/connections/port_scanner.h
            $MGC_HOME/shared/include/systemc
        $PROJECT_HOME/../../../../common/matchlib_toolkit/examples/matchlib/cmod/include/nvhls_connections.h
          $PROJECT_HOME/../../../../common/matchlib_toolkit/examples/matchlib/cmod/include/nvhls_packet.h
            $PROJECT_HOME/../../../../common/matchlib_toolkit/examples/matchlib/cmod/include/nvhls_types.h
              $PROJECT_HOME/../../../../common/matchlib_toolkit/examples/matchlib/cmod/include/nvhls_int.h
                $PROJECT_HOME/../../../../common/matchlib_toolkit/examples/matchlib/cmod/include/nvhls_marshaller.h
                  $MGC_HOME/shared/include/connections/marshaller.h
                    $MGC_HOME/shared/include/mc_typeconv.h
                  $PROJECT_HOME/../../../../common/matchlib_toolkit/examples/matchlib/cmod/include/nvhls_assert.h
                    $PROJECT_HOME/../../../../common/matchlib_toolkit/examples/matchlib/cmod/include/hls_globals.h
                    $MGC_HOME/shared/include/ac_assert.h
            $PROJECT_HOME/../../../../common/matchlib_toolkit/examples/matchlib/cmod/include/nvhls_message.h
              $PROJECT_HOME/../../../../common/matchlib_toolkit/examples/matchlib/cmod/include/nvhls_connections_utils.h
          $PROJECT_HOME/../../../../common/matchlib_toolkit/examples/matchlib/cmod/include/nvhls_module.h
            $PROJECT_HOME/../../../../common/matchlib_toolkit/examples/matchlib/cmod/include/nvhls_trace.h
          $PROJECT_HOME/../../../../common/matchlib_toolkit/examples/matchlib/cmod/include/fifo.h
            $PROJECT_HOME/../../../../common/matchlib_toolkit/examples/matchlib/cmod/include/mem_array.h
              $PROJECT_HOME/../../../../common/matchlib_toolkit/examples/matchlib/cmod/include/nvhls_array.h
                $MGC_HOME/shared/include/ac_assert.h
              $PROJECT_HOME/../../../../common/matchlib_toolkit/examples/matchlib/cmod/include/TypeToBits.h
          $PROJECT_HOME/../../../../common/matchlib_toolkit/examples/matchlib/cmod/include/nvhls_connections_buffered_ports.h
            $PROJECT_HOME/../../../../common/matchlib_toolkit/include/ccs_p2p.h
          $PROJECT_HOME/../../../../common/matchlib_toolkit/examples/matchlib/cmod/include/nvhls_connections_network.h
            $PROJECT_HOME/../../../../common/matchlib_toolkit/examples/matchlib/cmod/include/nvhls_connections.h
        $PROJECT_HOME/../../../../common/matchlib_toolkit/examples/matchlib/cmod/include/nvhls_vector.h
          $PROJECT_HOME/../../../../common/matchlib_toolkit/examples/matchlib/cmod/include/hls_globals.h
          $PROJECT_HOME/../../../../common/matchlib_toolkit/include/ccs_p2p.h
        $PROJECT_HOME/../../../../common/inc/esp_dma_info_sysc.hpp
        $PROJECT_HOME/../../../../common/matchlib_toolkit/examples/matchlib/cmod/include/ArbitratedScratchpadDP.h
          $PROJECT_HOME/../../../../common/matchlib_toolkit/examples/matchlib/cmod/include/arbitrated_crossbar.h
            $PROJECT_HOME/../../../../common/matchlib_toolkit/examples/matchlib/cmod/include/Arbiter.h
            $PROJECT_HOME/../../../../common/matchlib_toolkit/examples/matchlib/cmod/include/one_hot_to_bin.h
            $PROJECT_HOME/../../../../common/matchlib_toolkit/examples/matchlib/cmod/include/hls_globals.h
          $PROJECT_HOME/../../../../common/matchlib_toolkit/examples/matchlib/cmod/include/crossbar.h
    $PROJECT_HOME/../../inc/macfin2_conf_info.h
      $PROJECT_HOME/../../../../common/matchlib_toolkit/include/auto_gen_port_info.h
        $MGC_HOME/shared/include/connections/marshaller.h
          $MGC_HOME/shared/include/mc_typeconv.h
        $PROJECT_HOME/../../../../common/matchlib_toolkit/include/auto_gen_fields.h
          $MGC_HOME/shared/include/connections/marshaller.h
            $MGC_HOME/shared/include/mc_typeconv.h
          $PROJECT_HOME/../../../../common/matchlib_toolkit/examples/matchlib/cmod/include/UIntOrEmpty.h
            $MGC_HOME/shared/include/systemc
    $PROJECT_HOME/../../../../common/matchlib_toolkit/include/ac_shared_bank_array.h
      $MGC_HOME/shared/include/ac_assert.h
      $PROJECT_HOME/../../../../common/matchlib_toolkit/include/ac_shared_proxy.h
        $MGC_HOME/shared/include/ac_shared.h
      $PROJECT_HOME/../../../../common/matchlib_toolkit/include/ac_max_pow2.h
      $PROJECT_HOME/../../../../common/matchlib_toolkit/include/ac_array_1D.h
        $MGC_HOME/shared/include/ac_assert.h
  $PROJECT_HOME/../../inc/macfin2_specs.h
    $MGC_HOME/shared/include/mc_connections.h
      $MGC_HOME/shared/include/systemc.h
        $MGC_HOME/shared/include/systemc
          $MGC_HOME/shared/include/sysc/kernel/sc_cmnhdr.h
          $MGC_HOME/shared/include/sysc/kernel/sc_externs.h
          $MGC_HOME/shared/include/sysc/kernel/sc_except.h
            $MGC_HOME/shared/include/sysc/kernel/sc_cmnhdr.h
          $MGC_HOME/shared/include/sysc/kernel/sc_module.h
            $MGC_HOME/shared/include/sysc/kernel/sc_kernel_ids.h
              $MGC_HOME/shared/include/sysc/utils/sc_report.h
                $MGC_HOME/shared/include/sysc/kernel/sc_cmnhdr.h
                $MGC_HOME/shared/include/sysc/utils/sc_report_handler.h
            $MGC_HOME/shared/include/sysc/kernel/sc_process.h
              $MGC_HOME/shared/include/sysc/kernel/sc_constants.h
              $MGC_HOME/shared/include/sysc/kernel/sc_object.h
                $MGC_HOME/shared/include/sysc/kernel/sc_attribute.h
                  $MGC_HOME/shared/include/sysc/kernel/sc_cmnhdr.h
              $MGC_HOME/shared/include/sysc/communication/sc_export.h
                $MGC_HOME/shared/include/sysc/communication/sc_communication_ids.h
                $MGC_HOME/shared/include/sysc/communication/sc_interface.h
                  $MGC_HOME/shared/include/sysc/kernel/sc_cmnhdr.h
                $MGC_HOME/shared/include/sysc/utils/sc_typeindex.h
                  $MGC_HOME/shared/include/sysc/kernel/sc_cmnhdr.h
            $MGC_HOME/shared/include/sysc/kernel/sc_module_name.h
            $MGC_HOME/shared/include/sysc/kernel/sc_sensitive.h
            $MGC_HOME/shared/include/sysc/kernel/sc_time.h
              $MGC_HOME/shared/include/sysc/datatypes/int/sc_nbdefs.h
                $MGC_HOME/shared/include/sysc/kernel/sc_cmnhdr.h
              $MGC_HOME/shared/include/sysc/datatypes/fx/scfx_ieee.h
                $MGC_HOME/shared/include/sysc/datatypes/fx/sc_fxdefs.h
                  $MGC_HOME/shared/include/sysc/kernel/sc_cmnhdr.h
                  $MGC_HOME/shared/include/sysc/utils/sc_machine.h
                    $MGC_HOME/shared/include/sysc/packages/boost/detail/endian.hpp
                  $MGC_HOME/shared/include/sysc/datatypes/fx/sc_fx_ids.h
                  $MGC_HOME/shared/include/sysc/datatypes/int/sc_nbutils.h
                    $MGC_HOME/shared/include/sysc/datatypes/bit/sc_bit_ids.h
                    $MGC_HOME/shared/include/sysc/datatypes/int/sc_int_ids.h
            $MGC_HOME/shared/include/sysc/kernel/sc_wait.h
              $MGC_HOME/shared/include/sysc/kernel/sc_simcontext.h
                $MGC_HOME/shared/include/sysc/kernel/sc_cmnhdr.h
                $MGC_HOME/shared/include/sysc/kernel/sc_status.h
                  $MGC_HOME/shared/include/sysc/kernel/sc_cmnhdr.h
                $MGC_HOME/shared/include/sysc/utils/sc_hash.h
                  $MGC_HOME/shared/include/sysc/kernel/sc_simcontext.h
                $MGC_HOME/shared/include/sysc/utils/sc_pq.h
                  $MGC_HOME/shared/include/sysc/kernel/sc_cmnhdr.h
            $MGC_HOME/shared/include/sysc/kernel/sc_wait_cthread.h
              $MGC_HOME/shared/include/sysc/datatypes/bit/sc_logic.h
                $MGC_HOME/shared/include/sysc/kernel/sc_cmnhdr.h
                $MGC_HOME/shared/include/sysc/kernel/sc_macros.h
                  $MGC_HOME/shared/include/sysc/kernel/sc_cmnhdr.h
                $MGC_HOME/shared/include/sysc/utils/sc_mempool.h
                $MGC_HOME/shared/include/sysc/datatypes/bit/sc_bit.h
            $MGC_HOME/shared/include/sysc/kernel/sc_process_handle.h
              $MGC_HOME/shared/include/sysc/kernel/sc_module.h
            $MGC_HOME/shared/include/sysc/utils/sc_list.h
              $MGC_HOME/shared/include/sysc/kernel/sc_cmnhdr.h
          $MGC_HOME/shared/include/sysc/kernel/sc_ver.h
            $MGC_HOME/shared/include/sysc/kernel/sc_cmnhdr.h
            $MGC_HOME/shared/include/sysc/communication/sc_writer_policy.h
          $MGC_HOME/shared/include/sysc/communication/sc_buffer.h
            $MGC_HOME/shared/include/sysc/communication/sc_signal.h
              $MGC_HOME/shared/include/sysc/communication/sc_port.h
                $MGC_HOME/shared/include/sysc/kernel/sc_event.h
                  $MGC_HOME/shared/include/sysc/kernel/sc_cmnhdr.h
              $MGC_HOME/shared/include/sysc/communication/sc_prim_channel.h
              $MGC_HOME/shared/include/sysc/communication/sc_signal_ifs.h
              $MGC_HOME/shared/include/sysc/tracing/sc_trace.h
          $MGC_HOME/shared/include/sysc/communication/sc_clock.h
          $MGC_HOME/shared/include/sysc/communication/sc_clock_ports.h
            $MGC_HOME/shared/include/sysc/communication/sc_signal_ports.h
              $MGC_HOME/shared/include/sysc/communication/sc_event_finder.h
          $MGC_HOME/shared/include/sysc/communication/sc_event_queue.h
          $MGC_HOME/shared/include/sysc/communication/sc_fifo.h
            $MGC_HOME/shared/include/sysc/communication/sc_fifo_ifs.h
          $MGC_HOME/shared/include/sysc/communication/sc_fifo_ports.h
          $MGC_HOME/shared/include/sysc/communication/sc_mutex.h
            $MGC_HOME/shared/include/sysc/communication/sc_mutex_if.h
          $MGC_HOME/shared/include/sysc/communication/sc_semaphore.h
            $MGC_HOME/shared/include/sysc/communication/sc_semaphore_if.h
          $MGC_HOME/shared/include/sysc/communication/sc_signal_resolved.h
          $MGC_HOME/shared/include/sysc/communication/sc_signal_resolved_ports.h
          $MGC_HOME/shared/include/sysc/communication/sc_signal_rv.h
            $MGC_HOME/shared/include/sysc/datatypes/bit/sc_lv.h
              $MGC_HOME/shared/include/sysc/datatypes/bit/sc_lv_base.h
                $MGC_HOME/shared/include/sysc/datatypes/bit/sc_bv_base.h
                  $MGC_HOME/shared/include/sysc/datatypes/bit/sc_bit_proxies.h
                    $MGC_HOME/shared/include/sysc/datatypes/bit/sc_proxy.h
                      $MGC_HOME/shared/include/sysc/kernel/sc_cmnhdr.h
                      $MGC_HOME/shared/include/sysc/datatypes/int/sc_signed.h
                        $MGC_HOME/shared/include/sysc/datatypes/misc/sc_value_base.h
                        $MGC_HOME/shared/include/sysc/utils/sc_temporary.h
                          $MGC_HOME/shared/include/sysc/kernel/sc_cmnhdr.h
                        $MGC_HOME/shared/include/sysc/datatypes/int/sc_length_param.h
                          $MGC_HOME/shared/include/sysc/datatypes/fx/sc_context.h
                            $MGC_HOME/shared/include/sysc/kernel/sc_cmnhdr.h
                        $MGC_HOME/shared/include/sysc/datatypes/int/sc_nbexterns.h
                        $MGC_HOME/shared/include/sysc/datatypes/int/sc_unsigned.h
                      $MGC_HOME/shared/include/sysc/datatypes/int/sc_int_base.h
                        $MGC_HOME/shared/include/sysc/kernel/sc_cmnhdr.h
                        $MGC_HOME/shared/include/sysc/datatypes/int/sc_uint_base.h
          $MGC_HOME/shared/include/sysc/communication/sc_signal_rv_ports.h
          $MGC_HOME/shared/include/sysc/datatypes/bit/sc_bv.h
          $MGC_HOME/shared/include/sysc/datatypes/int/sc_bigint.h
          $MGC_HOME/shared/include/sysc/datatypes/int/sc_biguint.h
          $MGC_HOME/shared/include/sysc/datatypes/int/sc_int.h
          $MGC_HOME/shared/include/sysc/datatypes/int/sc_uint.h
          $MGC_HOME/shared/include/sysc/datatypes/misc/sc_concatref.h
          $MGC_HOME/shared/include/sysc/utils/sc_utils_ids.h
          $MGC_HOME/shared/include/sysc/utils/sc_pvector.h
          $MGC_HOME/shared/include/sysc/utils/sc_string_view.h
            $MGC_HOME/shared/include/sysc/kernel/sc_cmnhdr.h
            $MGC_HOME/shared/include/sysc/packages/boost/utility/string_view.hpp
              $MGC_HOME/shared/include/sysc/packages/boost/config.hpp
                $MGC_HOME/shared/include/sysc/packages/boost/config/user.hpp
                $MGC_HOME/shared/include/sysc/packages/boost/config/select_compiler_config.hpp
                $MGC_HOME/shared/include/sysc/packages/boost/config/compiler/gcc.hpp
                $MGC_HOME/shared/include/sysc/packages/boost/config/select_stdlib_config.hpp
                $MGC_HOME/shared/include/sysc/packages/boost/config/stdlib/libstdcpp3.hpp
                $MGC_HOME/shared/include/sysc/packages/boost/config/select_platform_config.hpp
                $MGC_HOME/shared/include/sysc/packages/boost/config/platform/linux.hpp
                  $MGC_HOME/shared/include/sysc/packages/boost/config/posix_features.hpp
                $MGC_HOME/shared/include/sysc/packages/boost/config/suffix.hpp
              $MGC_HOME/shared/include/sysc/packages/boost/utility/string_view_fwd.hpp
          $MGC_HOME/shared/include/sysc/utils/sc_vector.h
      $MGC_HOME/shared/include/ac_sysc_macros.h
      $MGC_HOME/shared/include/ac_sysc_trace.h
      $MGC_HOME/shared/include/connections/connections.h
        $MGC_HOME/shared/include/connections/marshaller.h
          $MGC_HOME/shared/include/ccs_types.h
            $MGC_HOME/shared/include/tlm.h
              $MGC_HOME/shared/include/tlm
                $MGC_HOME/shared/include/systemc
                $MGC_HOME/shared/include/tlm_core/tlm_2/tlm_version.h
                $MGC_HOME/shared/include/tlm_core/tlm_1/tlm_analysis/tlm_analysis.h
                  $MGC_HOME/shared/include/tlm_core/tlm_1/tlm_analysis/tlm_write_if.h
                    $MGC_HOME/shared/include/systemc
                  $MGC_HOME/shared/include/tlm_core/tlm_1/tlm_analysis/tlm_analysis_if.h
                  $MGC_HOME/shared/include/tlm_core/tlm_1/tlm_analysis/tlm_analysis_triple.h
                  $MGC_HOME/shared/include/tlm_core/tlm_1/tlm_analysis/tlm_analysis_port.h
                  $MGC_HOME/shared/include/tlm_core/tlm_1/tlm_analysis/tlm_analysis_fifo.h
                    $MGC_HOME/shared/include/tlm_core/tlm_1/tlm_req_rsp/tlm_channels/tlm_fifo/tlm_fifo.h
                      $MGC_HOME/shared/include/tlm_core/tlm_1/tlm_req_rsp/tlm_1_interfaces/tlm_fifo_ifs.h
                        $MGC_HOME/shared/include/tlm_core/tlm_1/tlm_req_rsp/tlm_1_interfaces/tlm_core_ifs.h
                          $MGC_HOME/shared/include/tlm_core/tlm_1/tlm_req_rsp/tlm_1_interfaces/tlm_tag.h
                      $MGC_HOME/shared/include/tlm_core/tlm_1/tlm_req_rsp/tlm_channels/tlm_fifo/circular_buffer.h
                      $MGC_HOME/shared/include/tlm_core/tlm_1/tlm_req_rsp/tlm_channels/tlm_fifo/tlm_fifo_put_get.h
                      $MGC_HOME/shared/include/tlm_core/tlm_1/tlm_req_rsp/tlm_channels/tlm_fifo/tlm_fifo_peek.h
                      $MGC_HOME/shared/include/tlm_core/tlm_1/tlm_req_rsp/tlm_channels/tlm_fifo/tlm_fifo_resize.h
                $MGC_HOME/shared/include/tlm_core/tlm_1/tlm_req_rsp/tlm_req_rsp.h
                  $MGC_HOME/shared/include/tlm_core/tlm_1/tlm_req_rsp/tlm_1_interfaces/tlm_master_slave_ifs.h
                  $MGC_HOME/shared/include/tlm_core/tlm_1/tlm_req_rsp/tlm_channels/tlm_req_rsp_channels/tlm_req_rsp_channels.h
                    $MGC_HOME/shared/include/tlm_core/tlm_1/tlm_req_rsp/tlm_adapters/tlm_adapters.h
                    $MGC_HOME/shared/include/tlm_core/tlm_1/tlm_req_rsp/tlm_channels/tlm_req_rsp_channels/tlm_put_get_imp.h
                  $MGC_HOME/shared/include/tlm_core/tlm_1/tlm_req_rsp/tlm_ports/tlm_nonblocking_port.h
                    $MGC_HOME/shared/include/tlm_core/tlm_1/tlm_req_rsp/tlm_ports/tlm_event_finder.h
                $MGC_HOME/shared/include/tlm_core/tlm_2/tlm_2_interfaces/tlm_2_interfaces.h
                  $MGC_HOME/shared/include/tlm_core/tlm_2/tlm_2_interfaces/tlm_dmi.h
                    $MGC_HOME/shared/include/systemc
                  $MGC_HOME/shared/include/tlm_core/tlm_2/tlm_2_interfaces/tlm_fw_bw_ifs.h
                    $MGC_HOME/shared/include/systemc
                    $MGC_HOME/shared/include/tlm_core/tlm_2/tlm_generic_payload/tlm_generic_payload.h
                      $MGC_HOME/shared/include/tlm_core/tlm_2/tlm_generic_payload/tlm_helpers.h
                      $MGC_HOME/shared/include/tlm_core/tlm_2/tlm_generic_payload/tlm_phase.h
                        $MGC_HOME/shared/include/sysc/kernel/sc_cmnhdr.h
                      $MGC_HOME/shared/include/tlm_core/tlm_2/tlm_generic_payload/tlm_gp.h
                        $MGC_HOME/shared/include/sysc/kernel/sc_cmnhdr.h
                        $MGC_HOME/shared/include/tlm_core/tlm_2/tlm_generic_payload/tlm_array.h
                      $MGC_HOME/shared/include/tlm_core/tlm_2/tlm_generic_payload/tlm_endian_conv.h
                $MGC_HOME/shared/include/tlm_core/tlm_2/tlm_sockets/tlm_sockets.h
                  $MGC_HOME/shared/include/tlm_core/tlm_2/tlm_sockets/tlm_initiator_socket.h
                    $MGC_HOME/shared/include/tlm_core/tlm_2/tlm_sockets/tlm_base_socket_if.h
                  $MGC_HOME/shared/include/tlm_core/tlm_2/tlm_sockets/tlm_target_socket.h
                $MGC_HOME/shared/include/tlm_core/tlm_2/tlm_quantum/tlm_quantum.h
                  $MGC_HOME/shared/include/tlm_core/tlm_2/tlm_quantum/tlm_global_quantum.h
            $MGC_HOME/shared/include/ac_sc.h
              $MGC_HOME/shared/include/ac_complex.h
                $MGC_HOME/shared/include/ac_float.h
            $MGC_HOME/shared/include/mc_typeconv.h
          $MGC_HOME/shared/include/connections/connections_utils.h
            $MGC_HOME/shared/include/ac_assert.h
        $MGC_HOME/shared/include/connections/connections_trace.h
          $MGC_HOME/shared/include/systemc
        $MGC_HOME/shared/include/connections/message.h
      $MGC_HOME/shared/include/connections/connections_sync.h
      $MGC_HOME/shared/include/connections/connections_fifo.h
      $MGC_HOME/shared/include/connections/port_scanner.h
        $MGC_HOME/shared/include/systemc
    $PROJECT_HOME/../../../../common/matchlib_toolkit/examples/matchlib/cmod/include/nvhls_connections.h
      $PROJECT_HOME/../../../../common/matchlib_toolkit/examples/matchlib/cmod/include/nvhls_packet.h
        $PROJECT_HOME/../../../../common/matchlib_toolkit/examples/matchlib/cmod/include/nvhls_types.h
          $PROJECT_HOME/../../../../common/matchlib_toolkit/examples/matchlib/cmod/include/nvhls_int.h
            $PROJECT_HOME/../../../../common/matchlib_toolkit/examples/matchlib/cmod/include/nvhls_marshaller.h
              $MGC_HOME/shared/include/connections/marshaller.h
                $MGC_HOME/shared/include/mc_typeconv.h
              $PROJECT_HOME/../../../../common/matchlib_toolkit/examples/matchlib/cmod/include/nvhls_assert.h
                $PROJECT_HOME/../../../../common/matchlib_toolkit/examples/matchlib/cmod/include/hls_globals.h
                $MGC_HOME/shared/include/ac_assert.h
        $PROJECT_HOME/../../../../common/matchlib_toolkit/examples/matchlib/cmod/include/nvhls_message.h
          $PROJECT_HOME/../../../../common/matchlib_toolkit/examples/matchlib/cmod/include/nvhls_connections_utils.h
      $PROJECT_HOME/../../../../common/matchlib_toolkit/examples/matchlib/cmod/include/nvhls_module.h
        $PROJECT_HOME/../../../../common/matchlib_toolkit/examples/matchlib/cmod/include/nvhls_trace.h
      $PROJECT_HOME/../../../../common/matchlib_toolkit/examples/matchlib/cmod/include/fifo.h
        $PROJECT_HOME/../../../../common/matchlib_toolkit/examples/matchlib/cmod/include/mem_array.h
          $PROJECT_HOME/../../../../common/matchlib_toolkit/examples/matchlib/cmod/include/nvhls_array.h
            $MGC_HOME/shared/include/ac_assert.h
          $PROJECT_HOME/../../../../common/matchlib_toolkit/examples/matchlib/cmod/include/TypeToBits.h
      $PROJECT_HOME/../../../../common/matchlib_toolkit/examples/matchlib/cmod/include/nvhls_connections_buffered_ports.h
        $PROJECT_HOME/../../../../common/matchlib_toolkit/include/ccs_p2p.h
      $PROJECT_HOME/../../../../common/matchlib_toolkit/examples/matchlib/cmod/include/nvhls_connections_network.h
        $PROJECT_HOME/../../../../common/matchlib_toolkit/examples/matchlib/cmod/include/nvhls_connections.h
    $PROJECT_HOME/../../../../common/matchlib_toolkit/examples/matchlib/cmod/include/nvhls_vector.h
      $PROJECT_HOME/../../../../common/matchlib_toolkit/examples/matchlib/cmod/include/hls_globals.h
      $PROJECT_HOME/../../../../common/matchlib_toolkit/include/ccs_p2p.h
    $PROJECT_HOME/../../../../common/inc/esp_dma_info_sysc.hpp
    $PROJECT_HOME/../../../../common/matchlib_toolkit/examples/matchlib/cmod/include/ArbitratedScratchpadDP.h
      $PROJECT_HOME/../../../../common/matchlib_toolkit/examples/matchlib/cmod/include/arbitrated_crossbar.h
        $PROJECT_HOME/../../../../common/matchlib_toolkit/examples/matchlib/cmod/include/Arbiter.h
        $PROJECT_HOME/../../../../common/matchlib_toolkit/examples/matchlib/cmod/include/one_hot_to_bin.h
        $PROJECT_HOME/../../../../common/matchlib_toolkit/examples/matchlib/cmod/include/hls_globals.h
      $PROJECT_HOME/../../../../common/matchlib_toolkit/examples/matchlib/cmod/include/crossbar.h

Processes/Blocks in Design
  Process           Real Operation(s) count Latency Throughput Reset Length II Comments 
  ----------------- ----------------------- ------- ---------- ------------ -- --------
  /DataPath/compute                      40    1033       1036            1  0        ? 
  Design Total:                          40    1033       1036            1  0          
  
Clock Information
  Clock Signal Edge   Period Sharing Alloc (%) Uncertainty Used by Processes/Blocks 
  ------------ ------ ------ ----------------- ----------- ------------------------
  clk          rising  5.000             20.00    0.000000 /DataPath/compute        
  
I/O Data Ranges
  Port             Mode DeclType DeclWidth DeclRange ActType ActWidth ActRange 
  ---------------- ---- -------- --------- --------- ------- -------- --------
  clk              IN   Unsigned         1                                     
  rst              IN   Unsigned         1                                     
  conf_info_in.val IN   Unsigned         1                                     
  conf_info_in.msg IN   Unsigned        96                                     
  sync00.val       IN   Unsigned         1                                     
  sync00.msg       IN   Unsigned         1                                     
  in_wr_req.rdy    IN   Unsigned         1                                     
  in_rd_rsp.val    IN   Unsigned         1                                     
  in_rd_rsp.msg    IN   Unsigned        64                                     
  conf_info_in.rdy OUT  Unsigned         1                                     
  sync00.rdy       OUT  Unsigned         1                                     
  in_wr_req.val    OUT  Unsigned         1                                     
  in_wr_req.msg    OUT  Unsigned        32                                     
  in_rd_rsp.rdy    OUT  Unsigned         1                                     
  
Memory Resources
  Resource Name: /DataPath/sync00.Pop():mio
    Memory Component: ccs_conn_ctrl_in_buf_wait    Size:         1 x 1
    External:         false                        Packing Mode: compact
    Memory Map:
    Variable             Indices Phys Memory Address     
    -------------------- ------- -----------------------
    /DataPath/sync00.msg     0:0 00000000-00000000 (0-0) 
    
  Resource Name: /DataPath/conf_info_in.Pop():mio
    Memory Component: ccs_conn_ctrl_in_buf_wait    Size:         1 x 96
    External:         false                        Packing Mode: compact
    Memory Map:
    Variable                   Indices Phys Memory Address     
    -------------------------- ------- -----------------------
    /DataPath/conf_info_in.msg    0:95 00000000-00000000 (0-0) 
    
  Resource Name: /DataPath/in_rd_rsp.Pop():mio
    Memory Component: ccs_conn_ctrl_in_buf_wait    Size:         1 x 64
    External:         false                        Packing Mode: compact
    Memory Map:
    Variable                Indices Phys Memory Address     
    ----------------------- ------- -----------------------
    /DataPath/in_rd_rsp.msg    0:63 00000000-00000000 (0-0) 
    
  Resource Name: /DataPath/in_wr_req.Push():mio
    Memory Component: ccs_conn_out_buf_wait        Size:         1 x 32
    External:         false                        Packing Mode: compact
    Memory Map:
    Variable                Indices Phys Memory Address     
    ----------------------- ------- -----------------------
    /DataPath/in_wr_req.msg    0:31 00000000-00000000 (0-0) 
    
C++ to Interface Mappings
  Resource/Fields C++ Type Interface Range Range Expression(x) x=step+offset Expression Limits 
  --------------- -------- --------------- ------------------- ------------- -----------------
  
Multi-Cycle (Combinational) Component Usage
  Instance Component Name Cycles 
  -------- -------------- ------
  
Loops
  Process           Loop                  Iterations C-Steps Total Cycles  Duration  Unroll Init Comments 
  ----------------- --------------------- ---------- ------- ------------- --------- ------ ---- --------
  /DataPath/compute compute:rlp             Infinite       1       1037 ?   5.18 us                       
  /DataPath/compute  while                  Infinite       1       1036 ?   5.18 us                       
  /DataPath/compute   while:for                    ?       3       1035 ?   5.17 us                       
  /DataPath/compute    while:for:for               ?       2       1032 ?   5.16 us                       
  /DataPath/compute     while:for:for:for        513       6         1030   5.15 us            2          
  
Loop Execution Profile
  Process           Loop                  Total Cycles % of Overall Design Cycles Throughput Cycles Comments 
  ----------------- --------------------- ------------ -------------------------- ----------------- --------
  /DataPath/compute compute:rlp                   1 ?                        0.10           1036 ?           
  /DataPath/compute  while                        1 ?                        0.10           1036 ?           
  /DataPath/compute   while:for                   3 ?                        0.29           1035 ?           
  /DataPath/compute    while:for:for              2 ?                        0.19           1032 ?           
  /DataPath/compute     while:for:for:for        1030                       99.32                2           
  
End of Report
