clk 1 std_logic bool
rst 1 std_logic sc_logic
acc_done 1 std_logic sc_logic
conf_info_val 1 std_logic sc_logic
conf_info_rdy 1 std_logic sc_logic
conf_info_msg 96 std_logic_vector sc_lv
dma_read_chnl_val 1 std_logic sc_logic
dma_read_chnl_rdy 1 std_logic sc_logic
dma_read_chnl_msg 64 std_logic_vector sc_lv
dma_write_chnl_val 1 std_logic sc_logic
dma_write_chnl_rdy 1 std_logic sc_logic
dma_write_chnl_msg 64 std_logic_vector sc_lv
dma_read_ctrl_val 1 std_logic sc_logic
dma_read_ctrl_rdy 1 std_logic sc_logic
dma_read_ctrl_msg 73 std_logic_vector sc_lv
dma_write_ctrl_val 1 std_logic sc_logic
dma_write_ctrl_rdy 1 std_logic sc_logic
dma_write_ctrl_msg 73 std_logic_vector sc_lv
conf_info_out_val 1 std_logic sc_logic
conf_info_out_rdy 1 std_logic sc_logic
conf_info_out_msg 96 std_logic_vector sc_lv
sync00_val 1 std_logic sc_logic
sync00_rdy 1 std_logic sc_logic
sync00_msg 1 std_logic sc_logic
in_wr_req_val 1 std_logic sc_logic
in_wr_req_rdy 1 std_logic sc_logic
in_wr_req_msg 32 std_logic_vector sc_lv
in_rd_rsp_val 1 std_logic sc_logic
in_rd_rsp_rdy 1 std_logic sc_logic
in_rd_rsp_msg 64 std_logic_vector sc_lv
